 pbr_demo

 Timestamp is 5f551ea6 (Sun Sep  6 13:38:46 2020)

 Preferred load address is 0000000140000000

 Start         Length     Name                   Class
 0001:00000000 00037080H .text$mn                CODE
 0001:00037080 00000020H .text$mn$00             CODE
 0001:000370a0 0000061dH .text$x                 CODE
 0002:00000000 000002e8H .idata$5                DATA
 0002:000002e8 00000010H .00cfg                  DATA
 0002:000002f8 00000008H .CRT$XCA                DATA
 0002:00000300 00000008H .CRT$XCAA               DATA
 0002:00000308 00000008H .CRT$XCZ                DATA
 0002:00000310 00000008H .CRT$XIA                DATA
 0002:00000318 00000008H .CRT$XIAA               DATA
 0002:00000320 00000008H .CRT$XIAC               DATA
 0002:00000328 00000018H .CRT$XIC                DATA
 0002:00000340 00000008H .CRT$XIZ                DATA
 0002:00000348 00000008H .CRT$XPA                DATA
 0002:00000350 00000010H .CRT$XPX                DATA
 0002:00000360 00000008H .CRT$XPXA               DATA
 0002:00000368 00000008H .CRT$XPZ                DATA
 0002:00000370 00000008H .CRT$XTA                DATA
 0002:00000378 00000008H .CRT$XTZ                DATA
 0002:00000380 00000000H .gfids$y                DATA
 0002:00000380 000102e0H .rdata                  DATA
 0002:00010660 0000016cH .rdata$r                DATA
 0002:000107cc 00000314H .rdata$zzzdbg           DATA
 0002:00010ae0 00000008H .rtc$IAA                DATA
 0002:00010ae8 00000008H .rtc$IZZ                DATA
 0002:00010af0 00000008H .rtc$TAA                DATA
 0002:00010af8 00000008H .rtc$TZZ                DATA
 0002:00010b00 00001068H .xdata                  DATA
 0002:00011b68 00000084H .xdata$x                DATA
 0002:00011bec 00000000H .edata                  DATA
 0002:00011bec 00000028H .idata$2                DATA
 0002:00011c14 00000014H .idata$3                DATA
 0002:00011c28 000002e8H .idata$4                DATA
 0002:00011f10 00000696H .idata$6                DATA
 0003:00000000 00000a40H .data                   DATA
 0003:00000a40 00000070H .data$r                 DATA
 0003:00000ab0 000018e0H .bss                    DATA
 0004:00000000 00002d30H .pdata                  DATA

  Address         Publics by Value              Rva+Base               Lib:Object

 0000:00000000       __volatile_metadata        0000000000000000     <absolute>
 0000:00000000       __guard_longjmp_table      0000000000000000     <absolute>
 0000:00000000       __guard_iat_table          0000000000000000     <absolute>
 0000:00000000       __guard_iat_count          0000000000000000     <absolute>
 0000:00000000       __hybrid_code_map          0000000000000000     <absolute>
 0000:00000000       __guard_longjmp_count      0000000000000000     <absolute>
 0000:00000000       __guard_fids_count         0000000000000000     <absolute>
 0000:00000000       ___safe_se_handler_count   0000000000000000     <absolute>
 0000:00000000       __enclave_config           0000000000000000     <absolute>
 0000:00000000       __hybrid_code_map_count    0000000000000000     <absolute>
 0000:00000000       ___safe_se_handler_table   0000000000000000     <absolute>
 0000:00000000       __guard_fids_table         0000000000000000     <absolute>
 0000:00000000       __hybrid_auxiliary_iat     0000000000000000     <absolute>
 0000:00000000       __dynamic_value_reloc_table 0000000000000000     <absolute>
 0000:00000100       __guard_flags              0000000000000100     <absolute>
 0000:00000000       __ImageBase                0000000140000000     <linker-defined>
 0001:00000000       WinMain                    0000000140001000 f   win32_main.obj
 0001:00000700       ?V2i@@YA?ATv2i@@HH@Z       0000000140001700 f i win32_main.obj
 0001:00000740       ?Win32GetClock@@YA?AT_LARGE_INTEGER@@XZ 0000000140001740 f i win32_main.obj
 0001:00000760       ?Win32GetLastFileTime@@YA?AU_FILETIME@@PEAD@Z 0000000140001760 f i win32_main.obj
 0001:000007d0       ?Win32LoadDemoCode@@YAXPEAUprog_demo_code@@@Z 00000001400017d0 f i win32_main.obj
 0001:00000980       __GSHandlerCheck           0000000140001980 f   LIBCMTD:gshandler.obj
 0001:000009c0       __GSHandlerCheckCommon     00000001400019c0 f   LIBCMTD:gshandler.obj
 0001:00000ad0       __security_check_cookie    0000000140001ad0 f   LIBCMTD:amdsecgs.obj
 0001:00000db0       ?configure_argv@__scrt_narrow_argv_policy@@SAHXZ 0000000140001db0 f i LIBCMTD:exe_winmain.obj
 0001:00000dd0       ?initialize_environment@__scrt_narrow_environment_policy@@SAHXZ 0000000140001dd0 f i LIBCMTD:exe_winmain.obj
 0001:00000e20       ?set_app_type@__scrt_winmain_policy@@SAXXZ 0000000140001e20 f i LIBCMTD:exe_winmain.obj
 0001:00000e40       ?set_commode@__scrt_file_policy@@SAXXZ 0000000140001e40 f i LIBCMTD:exe_winmain.obj
 0001:00000e60       ?set_fmode@__scrt_file_policy@@SAXXZ 0000000140001e60 f i LIBCMTD:exe_winmain.obj
 0001:00000e80       WinMainCRTStartup          0000000140001e80 f   LIBCMTD:exe_winmain.obj
 0001:00000e90       __raise_securityfailure    0000000140001e90 f   LIBCMTD:gs_report.obj
 0001:00000ed0       __report_gsfailure         0000000140001ed0 f   LIBCMTD:gs_report.obj
 0001:00000fb0       __report_rangecheckfailure 0000000140001fb0 f   LIBCMTD:gs_report.obj
 0001:00000fd0       __report_securityfailure   0000000140001fd0 f   LIBCMTD:gs_report.obj
 0001:000011d0       ??$__crt_fast_decode_pointer@P6AXH@Z@@YAP6AXH@ZQ6AXH@Z@Z 00000001400021d0 f i libucrtd:signal.obj
 0001:000011d0       ??$__crt_fast_decode_pointer@P6AXPEB_W00I_K@Z@@YAP6AXPEB_W00I_K@ZQ6AX000I1@Z@Z 00000001400021d0 f i libucrtd:invalid_parameter.obj
 0001:000011d0       ??$__crt_fast_decode_pointer@P6AHPEAU_exception@@@Z@@YAP6AHPEAU_exception@@@ZQ6AH0@Z@Z 00000001400021d0 f i libucrtd:matherr.obj
 0001:000011d0       ??$__crt_fast_decode_pointer@P6AXPEAXK0@Z@@YAP6AXPEAXK0@ZQ6AX0K0@Z@Z 00000001400021d0 f i libucrtd:exit.obj
 0001:000011d0       ??$__crt_fast_decode_pointer@P6AXXZ@@YAP6AXXZQ6AXXZ@Z 00000001400021d0 f i libvcruntimed:purevirt.obj
 0001:000011d0       ??$__crt_fast_decode_pointer@PEAX@@YAPEAXQEAX@Z 00000001400021d0 f i libvcruntimed:winapi_downlevel.obj
 0001:000011d0       ??$__crt_fast_decode_pointer@P6AH_K@Z@@YAP6AH_K@ZQ6AH0@Z@Z 00000001400021d0 f i libucrtd:new_handler.obj
 0001:000011d0       ??$__crt_fast_decode_pointer@PEAP6AXXZ@@YAPEAP6AXXZQEAP6AXXZ@Z 00000001400021d0 f i LIBCMTD:utility.obj
 0001:00001210       ??$__crt_fast_encode_pointer@PEAX@@YAPEAXQEAX@Z 0000000140002210 f i libvcruntimed:winapi_downlevel.obj
 0001:00001210       ??$__crt_fast_encode_pointer@P6AXPEAXK0@Z@@YAP6AXPEAXK0@ZQ6AX0K0@Z@Z 0000000140002210 f i libucrtd:exit.obj
 0001:00001210       ??$__crt_fast_encode_pointer@P6AXXZ@@YAP6AXXZQ6AXXZ@Z 0000000140002210 f i libvcruntimed:purevirt_data.obj
 0001:00001210       ??$__crt_fast_encode_pointer@P6AXH@Z@@YAP6AXH@ZQ6AXH@Z@Z 0000000140002210 f i libucrtd:signal.obj
 0001:00001210       ??$__crt_fast_encode_pointer@P6AHPEAU_exception@@@Z@@YAP6AHPEAU_exception@@@ZQ6AH0@Z@Z 0000000140002210 f i libucrtd:matherr.obj
 0001:00001210       ??$__crt_fast_encode_pointer@P6AHXZ@@YAP6AHXZQ6AHXZ@Z 0000000140002210 f i libucrtd:onexit.obj
 0001:00001210       ??$__crt_fast_encode_pointer@PEAP6AXXZ@@YAPEAP6AXXZQEAP6AXXZ@Z 0000000140002210 f i LIBCMTD:utility.obj
 0001:00001250       ?__crt_rotate_pointer_value@@YA_K_KH@Z 0000000140002250 f i LIBCMTD:utility.obj
 0001:000013d0       NtCurrentTeb               00000001400023d0 f i LIBCMTD:utility.obj
 0001:000013e0       __scrt_acquire_startup_lock 00000001400023e0 f   LIBCMTD:utility.obj
 0001:00001450       __scrt_initialize_crt      0000000140002450 f   LIBCMTD:utility.obj
 0001:000014a0       __scrt_initialize_onexit_tables 00000001400024a0 f   LIBCMTD:utility.obj
 0001:000015b0       __scrt_is_nonwritable_in_current_image 00000001400025b0 f   LIBCMTD:utility.obj
 0001:00001640       __scrt_release_startup_lock 0000000140002640 f   LIBCMTD:utility.obj
 0001:00001670       __scrt_uninitialize_crt    0000000140002670 f   LIBCMTD:utility.obj
 0001:000016b0       _onexit                    00000001400026b0 f   LIBCMTD:utility.obj
 0001:00001740       atexit                     0000000140002740 f   LIBCMTD:utility.obj
 0001:00001840       __security_init_cookie     0000000140002840 f   LIBCMTD:gs_support.obj
 0001:000018c0       _matherr                   00000001400028c0 f   LIBCMTD:matherr.obj
 0001:000018c0       ?get_current_state_index@__crt_state_management@@YA_KAEBV__crt_scoped_get_last_error_reset@@@Z 00000001400028c0 f   libucrtd:per_thread_data.obj
 0001:000018d0       _get_startup_argv_mode     00000001400028d0 f   LIBCMTD:argv_mode.obj
 0001:000018e0       _get_startup_new_mode      00000001400028e0 f   LIBCMTD:new_mode.obj
 0001:000018e0       ?get_invalid_value@__crt_hmodule_traits@@SAPEAUHINSTANCE__@@XZ 00000001400028e0 f   libucrtd:exit.obj
 0001:000018e0       _get_startup_thread_locale_mode 00000001400028e0 f   LIBCMTD:thread_locale.obj
 0001:000018e0       __scrt_initialize_winrt    00000001400028e0 f   LIBCMTD:utility_desktop.obj
 0001:000018e0       _get_startup_commit_mode   00000001400028e0 f   LIBCMTD:commit_mode.obj
 0001:000018e0       ?get_current_state_index@__crt_state_management@@YA_KXZ 00000001400028e0 f   libucrtd:matherr.obj
 0001:000018e0       __scrt_stub_for_initialize_mta 00000001400028e0 f   LIBCMTD:utility_desktop.obj
 0001:000018e0       __scrt_exe_initialize_mta  00000001400028e0 f   LIBCMTD:utility_desktop.obj
 0001:000018f0       _get_startup_file_mode     00000001400028f0 f   LIBCMTD:file_mode.obj
 0001:00001900       ?__scrt_initialize_type_info@@YAXXZ 0000000140002900 f   LIBCMTD:tncleanup.obj
 0001:00001920       _should_initialize_environment 0000000140002920 f   LIBCMTD:env_mode.obj
 0001:00001930       _initialize_invalid_parameter_handler 0000000140002930 f   LIBCMTD:invalid_parameter_handler.obj
 0001:00001930       _initialize_denormal_control 0000000140002930 f   LIBCMTD:denormal_control.obj
 0001:00001940       __local_stdio_printf_options 0000000140002940 f i LIBCMTD:default_local_stdio_options.obj
 0001:00001950       __local_stdio_scanf_options 0000000140002950 f i LIBCMTD:default_local_stdio_options.obj
 0001:00001960       __scrt_initialize_default_local_stdio_options 0000000140002960 f   LIBCMTD:default_local_stdio_options.obj
 0001:000019b0       __scrt_is_user_matherr_present 00000001400029b0 f   LIBCMTD:matherr_detection.obj
 0001:000019e0       __scrt_get_dyn_tls_init_callback 00000001400029e0 f   LIBCMTD:dyn_tls_init.obj
 0001:000019f0       __scrt_get_dyn_tls_dtor_callback 00000001400029f0 f   LIBCMTD:dyn_tls_dtor.obj
 0001:00001a00       __crt_debugger_hook        0000000140002a00 f   LIBCMTD:utility_desktop.obj
 0001:00001a10       __scrt_fastfail            0000000140002a10 f   LIBCMTD:utility_desktop.obj
 0001:00001bb0       __scrt_get_show_window_mode 0000000140002bb0 f   LIBCMTD:utility_desktop.obj
 0001:00001c10       __scrt_initialize_mta      0000000140002c10 f   LIBCMTD:utility_desktop.obj
 0001:00001c20       __scrt_is_managed_app      0000000140002c20 f   LIBCMTD:utility_desktop.obj
 0001:00001cd0       __scrt_set_unhandled_exception_filter 0000000140002cd0 f   LIBCMTD:utility_desktop.obj
 0001:00001cf0       __scrt_unhandled_exception_filter 0000000140002cf0 f   LIBCMTD:utility_desktop.obj
 0001:00001d70       _RTC_Initialize            0000000140002d70 f   LIBCMTD:initsect.obj
 0001:00001dc0       _RTC_Terminate             0000000140002dc0 f   LIBCMTD:initsect.obj
 0001:00001e10       ??1scoped_global_state_reset@__crt_state_management@@QEAA@XZ 0000000140002e10 f i libucrtd:onexit.obj
 0001:00001e10       ??1?$__crt_simd_cleanup_guard@$0A@@@QEAA@XZ 0000000140002e10 f i libucrtd:strnlen.obj
 0001:00001e10       _guard_check_icall_nop     0000000140002e10 f i LIBCMTD:guard_support.obj
 0001:00001e20       ReadNoFence64              0000000140002e20 f i LIBCMTD:guard_support.obj
 0001:00001e20       ?__crt_interlocked_read_64@@YA_JPED_J@Z 0000000140002e20 f i libvcruntimed:std_type_info.obj
 0001:00001e40       ReadPointerNoFence         0000000140002e40 f i LIBCMTD:guard_support.obj
 0001:00001e40       ??$__crt_interlocked_read_pointer@X@@YAPEAXPEDSEAX@Z 0000000140002e40 f i libvcruntimed:winapi_downlevel.obj
 0001:00001e40       ??$__crt_interlocked_read_pointer@UHINSTANCE__@@@@YAPEAUHINSTANCE__@@PEDSEAU0@@Z 0000000140002e40 f i libvcruntimed:winapi_downlevel.obj
 0001:00001e60       _guard_icall_checks_enforced 0000000140002e60 f i LIBCMTD:guard_support.obj
 0001:00001ea0       __isa_available_init       0000000140002ea0 f   LIBCMTD:cpu_disp.obj
 0001:00002210       __scrt_is_ucrt_dll_in_use  0000000140003210 f   LIBCMTD:ucrt_detection.obj
 0001:00002240       IsProcessorFeaturePresent  0000000140003240 f   kernel32:KERNEL32.dll
 0001:00002250       __C_specific_handler       0000000140003250 f   libvcruntimed:riscchandler.obj
 0001:00002690       __vcrt_initialize          0000000140003690 f   libvcruntimed:initialization.obj
 0001:000026d0       __vcrt_uninitialize        00000001400036d0 f   libvcruntimed:initialization.obj
 0001:00002700       ??$?RU__acrt_ptd@@@__crt_internal_free_policy@@QEBAXQEBU__acrt_ptd@@@Z 0000000140003700 f i libucrtd:per_thread_data.obj
 0001:00002700       ??$?RU__crt_multibyte_data@@@__crt_internal_free_policy@@QEBAXQEBU__crt_multibyte_data@@@Z 0000000140003700 f i libucrtd:wsetlocale.obj
 0001:00002700       ??$?RD@__crt_internal_free_policy@@QEBAXQEBD@Z 0000000140003700 f i libvcruntimed:std_type_info.obj
 0001:00002700       ??$?RP6AXXZ@__crt_internal_free_policy@@QEBAXQEBQ6AXXZ@Z 0000000140003700 f i libucrtd:onexit.obj
 0001:00002700       ??$?RU__vcrt_ptd@@@__crt_internal_free_policy@@QEBAXQEBU__vcrt_ptd@@@Z 0000000140003700 f i libvcruntimed:per_thread_data.obj
 0001:00002700       ??$?RU__crt_lowio_handle_data@@@__crt_internal_free_policy@@QEBAXQEBU__crt_lowio_handle_data@@@Z 0000000140003700 f i libucrtd:osfinfo.obj
 0001:00002700       ??$?RE@__crt_internal_free_policy@@QEBAXQEBE@Z 0000000140003700 f i libucrtd:argv_parsing.obj
 0001:00002700       ??$?RPEAD@__crt_internal_free_policy@@QEBAXQEBQEAD@Z 0000000140003700 f i libucrtd:argv_parsing.obj
 0001:00002700       ??$?RPEAU__crt_stdio_stream_data@@@__crt_internal_free_policy@@QEBAXQEBQEAU__crt_stdio_stream_data@@@Z 0000000140003700 f i libucrtd:_file.obj
 0001:00002730       ??0?$__crt_unique_heap_ptr@U__crt_multibyte_data@@U__crt_internal_free_policy@@@@QEAA@QEAU__crt_multibyte_data@@@Z 0000000140003730 f i libucrtd:wsetlocale.obj
 0001:00002730       ??0?$__crt_unique_heap_ptr@U__crt_lowio_handle_data@@U__crt_internal_free_policy@@@@QEAA@QEAU__crt_lowio_handle_data@@@Z 0000000140003730 f i libucrtd:osfinfo.obj
 0001:00002730       ??0?$__crt_unique_heap_ptr@DU__crt_public_free_policy@@@@QEAA@QEAD@Z 0000000140003730 f i libvcruntimed:std_exception.obj
 0001:00002730       ??0?$string_output_adapter@_W@__crt_stdio_output@@QEAA@QEAU?$string_output_adapter_context@_W@1@@Z 0000000140003730 f i libucrtd:output.obj
 0001:00002730       ??0?$__crt_unique_heap_ptr@P6AXXZU__crt_internal_free_policy@@@@QEAA@QEAP6AXXZ@Z 0000000140003730 f i libucrtd:onexit.obj
 0001:00002730       ??0?$__crt_unique_handle_t@U__crt_findfile_traits@@@@QEAA@QEAX@Z 0000000140003730 f i libucrtd:argv_wildcards.obj
 0001:00002730       ??0?$__crt_unique_heap_ptr@PEAU__crt_stdio_stream_data@@U__crt_internal_free_policy@@@@QEAA@QEAPEAU__crt_stdio_stream_data@@@Z 0000000140003730 f i libucrtd:_file.obj
 0001:00002730       ??0?$__crt_unique_heap_ptr@EU__crt_internal_free_policy@@@@QEAA@QEAE@Z 0000000140003730 f i libucrtd:argv_parsing.obj
 0001:00002730       ??0?$__crt_scoped_stack_ptr@_W@@QEAA@U?$__crt_scoped_stack_ptr_tag@_W@@@Z 0000000140003730 f i libucrtd:getstringtypea.obj
 0001:00002730       ??0?$string_output_adapter@D@__crt_stdio_output@@QEAA@QEAU?$string_output_adapter_context@D@1@@Z 0000000140003730 f i libucrtd:output.obj
 0001:00002730       ??0__crt_stdio_stream@@QEAA@QEAU__crt_stdio_stream_data@@@Z 0000000140003730 f i libucrtd:fflush.obj
 0001:00002730       ??0?$__crt_unique_heap_ptr@PEADU__crt_internal_free_policy@@@@QEAA@QEAPEAD@Z 0000000140003730 f i libucrtd:argv_parsing.obj
 0001:00002730       ??0?$__crt_unique_heap_ptr@DU__crt_internal_free_policy@@@@QEAA@QEAD@Z 0000000140003730 f i libvcruntimed:std_type_info.obj
 0001:00002730       ??0?$__crt_unique_heap_ptr@U__vcrt_ptd@@U__crt_internal_free_policy@@@@QEAA@QEAU__vcrt_ptd@@@Z 0000000140003730 f i libvcruntimed:per_thread_data.obj
 0001:00002730       ??0?$__crt_scoped_stack_ptr_tag@_W@@QEAA@QEA_W@Z 0000000140003730 f i libucrtd:getstringtypea.obj
 0001:00002730       ??0?$__crt_unique_handle_t@U__crt_hmodule_traits@@@@QEAA@QEAUHINSTANCE__@@@Z 0000000140003730 f i libucrtd:exit.obj
 0001:00002730       ??0__crt_stdio_stream@@QEAA@QEAU_iobuf@@@Z 0000000140003730 f i libucrtd:output.obj
 0001:00002730       ??0?$__crt_unique_heap_ptr@U__acrt_ptd@@U__crt_internal_free_policy@@@@QEAA@QEAU__acrt_ptd@@@Z 0000000140003730 f i libucrtd:per_thread_data.obj
 0001:00002750       ??1?$__crt_unique_heap_ptr@U__acrt_ptd@@U__crt_internal_free_policy@@@@QEAA@XZ 0000000140003750 f i libucrtd:per_thread_data.obj
 0001:00002750       ??1?$__crt_unique_heap_ptr@U__crt_lowio_handle_data@@U__crt_internal_free_policy@@@@QEAA@XZ 0000000140003750 f i libucrtd:osfinfo.obj
 0001:00002750       ??1?$__crt_unique_heap_ptr@EU__crt_internal_free_policy@@@@QEAA@XZ 0000000140003750 f i libucrtd:argv_parsing.obj
 0001:00002750       ??1?$__crt_unique_heap_ptr@U__vcrt_ptd@@U__crt_internal_free_policy@@@@QEAA@XZ 0000000140003750 f i libvcruntimed:per_thread_data.obj
 0001:00002750       ??1?$__crt_unique_heap_ptr@U__crt_multibyte_data@@U__crt_internal_free_policy@@@@QEAA@XZ 0000000140003750 f i libucrtd:wsetlocale.obj
 0001:00002750       ??1?$__crt_unique_heap_ptr@DU__crt_internal_free_policy@@@@QEAA@XZ 0000000140003750 f i libvcruntimed:std_type_info.obj
 0001:00002750       ??1?$__crt_unique_heap_ptr@P6AXXZU__crt_internal_free_policy@@@@QEAA@XZ 0000000140003750 f i libucrtd:onexit.obj
 0001:00002750       ??1?$__crt_unique_heap_ptr@PEAU__crt_stdio_stream_data@@U__crt_internal_free_policy@@@@QEAA@XZ 0000000140003750 f i libucrtd:_file.obj
 0001:00002750       ??1?$__crt_unique_heap_ptr@PEADU__crt_internal_free_policy@@@@QEAA@XZ 0000000140003750 f i libucrtd:argv_parsing.obj
 0001:00002770       ??B?$__crt_unique_heap_ptr@U__acrt_ptd@@U__crt_internal_free_policy@@@@QEBA_NXZ 0000000140003770 f i libucrtd:per_thread_data.obj
 0001:00002770       ??B?$__crt_unique_heap_ptr@EU__crt_internal_free_policy@@@@QEBA_NXZ 0000000140003770 f i libucrtd:argv_parsing.obj
 0001:00002770       ??B?$__crt_unique_heap_ptr@DU__crt_public_free_policy@@@@QEBA_NXZ 0000000140003770 f i libvcruntimed:std_exception.obj
 0001:00002770       ??B?$__crt_unique_heap_ptr@U__crt_lowio_handle_data@@U__crt_internal_free_policy@@@@QEBA_NXZ 0000000140003770 f i libucrtd:osfinfo.obj
 0001:00002770       ??B?$__crt_unique_heap_ptr@DU__crt_internal_free_policy@@@@QEBA_NXZ 0000000140003770 f i libvcruntimed:std_type_info.obj
 0001:00002770       ??B?$__crt_unique_heap_ptr@U__crt_multibyte_data@@U__crt_internal_free_policy@@@@QEBA_NXZ 0000000140003770 f i libucrtd:wsetlocale.obj
 0001:00002770       ??B?$__crt_unique_heap_ptr@U__vcrt_ptd@@U__crt_internal_free_policy@@@@QEBA_NXZ 0000000140003770 f i libvcruntimed:per_thread_data.obj
 0001:00002790       ?get@?$__crt_unique_heap_ptr@U__acrt_ptd@@U__crt_internal_free_policy@@@@QEBAPEAU__acrt_ptd@@XZ 0000000140003790 f i libucrtd:per_thread_data.obj
 0001:00002790       ??C__crt_stdio_stream@@QEBAPEAU__crt_stdio_stream_data@@XZ 0000000140003790 f i libucrtd:output.obj
 0001:00002790       ?save_state@?$c_string_character_source@D@__crt_strtox@@QEBAPEBDXZ 0000000140003790 f i libucrtd:atox.obj
 0001:00002790       ?get@?$__crt_unique_heap_ptr@U__vcrt_ptd@@U__crt_internal_free_policy@@@@QEBAPEAU__vcrt_ptd@@XZ 0000000140003790 f i libvcruntimed:per_thread_data.obj
 0001:00002790       ?getFuncInfo@TryBlockMap@__FrameHandler3@@QEAAPEBU_s_FuncInfo@@XZ 0000000140003790 f i libvcruntimed:risctrnsctrl.obj
 0001:00002790       ?get@?$__crt_unique_heap_ptr@U__crt_multibyte_data@@U__crt_internal_free_policy@@@@QEBAPEAU__crt_multibyte_data@@XZ 0000000140003790 f i libucrtd:wsetlocale.obj
 0001:00002790       ?get@?$__crt_unique_handle_t@U__crt_hmodule_traits@@@@QEBAPEAUHINSTANCE__@@XZ 0000000140003790 f i libucrtd:exit.obj
 0001:00002790       ?get@?$__crt_unique_heap_ptr@PEADU__crt_internal_free_policy@@@@QEBAPEAPEADXZ 0000000140003790 f i libucrtd:argv_parsing.obj
 0001:00002790       ?get@?$__crt_unique_heap_ptr@EU__crt_internal_free_policy@@@@QEBAPEAEXZ 0000000140003790 f i libucrtd:argv_parsing.obj
 0001:00002790       ?public_stream@__crt_stdio_stream@@QEBAPEAU_iobuf@@XZ 0000000140003790 f i libucrtd:output.obj
 0001:00002790       ?get@?$__crt_unique_handle_t@U__crt_findfile_traits@@@@QEBAPEAXXZ 0000000140003790 f i libucrtd:argv_wildcards.obj
 0001:00002790       ?save_state@?$c_string_character_source@_W@__crt_strtox@@QEBAPEB_WXZ 0000000140003790 f i libucrtd:atox.obj
 0001:00002790       ?get@?$__crt_unique_heap_ptr@DU__crt_public_free_policy@@@@QEBAPEADXZ 0000000140003790 f i libvcruntimed:std_exception.obj
 0001:00002790       ?get@?$__crt_scoped_stack_ptr@_W@@QEBAPEA_WXZ 0000000140003790 f i libucrtd:getstringtypea.obj
 0001:00002790       ?get@?$__crt_unique_heap_ptr@DU__crt_internal_free_policy@@@@QEBAPEADXZ 0000000140003790 f i libvcruntimed:std_type_info.obj
 0001:00002790       ?get@?$__crt_unique_heap_ptr@U__crt_lowio_handle_data@@U__crt_internal_free_policy@@@@QEBAPEAU__crt_lowio_handle_data@@XZ 0000000140003790 f i libucrtd:osfinfo.obj
 0001:000027a0       ??B?$__crt_scoped_stack_ptr@_W@@QEBA_NXZ 00000001400037a0 f i libucrtd:lcmapstringa.obj
 0001:000027a0       ?is_valid@?$__crt_unique_heap_ptr@U__crt_lowio_handle_data@@U__crt_internal_free_policy@@@@QEBA_NXZ 00000001400037a0 f i libucrtd:osfinfo.obj
 0001:000027a0       ?is_valid@?$__crt_unique_heap_ptr@U__vcrt_ptd@@U__crt_internal_free_policy@@@@QEBA_NXZ 00000001400037a0 f i libvcruntimed:per_thread_data.obj
 0001:000027a0       ?is_valid@?$__crt_unique_heap_ptr@EU__crt_internal_free_policy@@@@QEBA_NXZ 00000001400037a0 f i libucrtd:argv_parsing.obj
 0001:000027a0       ?is_valid@?$__crt_unique_heap_ptr@DU__crt_public_free_policy@@@@QEBA_NXZ 00000001400037a0 f i libvcruntimed:std_exception.obj
 0001:000027a0       ?valid@__crt_stdio_stream@@QEBA_NXZ 00000001400037a0 f i libucrtd:output.obj
 0001:000027a0       ?is_valid@?$__crt_unique_heap_ptr@U__crt_multibyte_data@@U__crt_internal_free_policy@@@@QEBA_NXZ 00000001400037a0 f i libucrtd:wsetlocale.obj
 0001:000027a0       ?is_valid@?$__crt_unique_heap_ptr@DU__crt_internal_free_policy@@@@QEBA_NXZ 00000001400037a0 f i libvcruntimed:std_type_info.obj
 0001:000027a0       ?is_valid@?$__crt_unique_heap_ptr@U__acrt_ptd@@U__crt_internal_free_policy@@@@QEBA_NXZ 00000001400037a0 f i libucrtd:per_thread_data.obj
 0001:000027d0       ?release@?$__crt_unique_heap_ptr@U__vcrt_ptd@@U__crt_internal_free_policy@@@@QEAAXXZ 00000001400037d0 f i libvcruntimed:per_thread_data.obj
 0001:000027d0       ?release@?$__crt_unique_heap_ptr@DU__crt_internal_free_policy@@@@QEAAXXZ 00000001400037d0 f i libvcruntimed:std_type_info.obj
 0001:000027d0       ?release@?$__crt_unique_heap_ptr@PEADU__crt_internal_free_policy@@@@QEAAXXZ 00000001400037d0 f i libucrtd:argv_parsing.obj
 0001:000027d0       ?release@?$__crt_unique_heap_ptr@PEAU__crt_stdio_stream_data@@U__crt_internal_free_policy@@@@QEAAXXZ 00000001400037d0 f i libucrtd:_file.obj
 0001:000027d0       ?release@?$__crt_unique_heap_ptr@U__crt_lowio_handle_data@@U__crt_internal_free_policy@@@@QEAAXXZ 00000001400037d0 f i libucrtd:osfinfo.obj
 0001:000027d0       ?release@?$__crt_unique_heap_ptr@EU__crt_internal_free_policy@@@@QEAAXXZ 00000001400037d0 f i libucrtd:argv_parsing.obj
 0001:000027d0       ?release@?$__crt_unique_heap_ptr@P6AXXZU__crt_internal_free_policy@@@@QEAAXXZ 00000001400037d0 f i libucrtd:onexit.obj
 0001:000027d0       ?release@?$__crt_unique_heap_ptr@U__acrt_ptd@@U__crt_internal_free_policy@@@@QEAAXXZ 00000001400037d0 f i libucrtd:per_thread_data.obj
 0001:000027d0       ?release@?$__crt_unique_heap_ptr@U__crt_multibyte_data@@U__crt_internal_free_policy@@@@QEAAXXZ 00000001400037d0 f i libucrtd:wsetlocale.obj
 0001:00002800       __std_type_info_compare    0000000140003800 f   libvcruntimed:std_type_info.obj
 0001:00002850       _NLG_Notify                0000000140003850 f   libvcruntimed:notify.obj
 0001:00002870       __NLG_Dispatch2            0000000140003870 f   libvcruntimed:notify.obj
 0001:00002880       __NLG_Return2              0000000140003880 f   libvcruntimed:notify.obj
 0001:00002890       __except_validate_context_record 0000000140003890 f   libvcruntimed:jbcxrval.obj
 0001:000028f0       __DestructExceptionObject  00000001400038f0 f   libvcruntimed:ehhelpers.obj
 0001:000029f0       ?_CallMemberFunction0@@YAXQEAX0@Z 00000001400039f0 f i libvcruntimed:ehhelpers.obj
 0001:00002a20       _IsExceptionObjectToBeDestroyed 0000000140003a20 f   libvcruntimed:ehhelpers.obj
 0001:00002a70       __AdjustPointer            0000000140003a70 f   libvcruntimed:ehhelpers.obj
 0001:00002af0       __FrameUnwindFilter        0000000140003af0 f   libvcruntimed:ehhelpers.obj
 0001:00002bc0       ?detach@?$__crt_unique_heap_ptr@DU__crt_public_free_policy@@@@QEAAPEADXZ 0000000140003bc0 f i libvcruntimed:std_exception.obj
 0001:00002bc0       ?detach@?$__crt_unique_heap_ptr@P6AXXZU__crt_internal_free_policy@@@@QEAAPEAP6AXXZXZ 0000000140003bc0 f i libucrtd:onexit.obj
 0001:00002bc0       ?detach@?$__crt_unique_heap_ptr@PEADU__crt_internal_free_policy@@@@QEAAPEAPEADXZ 0000000140003bc0 f i libucrtd:argv_parsing.obj
 0001:00002bc0       ?detach@?$__crt_unique_heap_ptr@EU__crt_internal_free_policy@@@@QEAAPEAEXZ 0000000140003bc0 f i libucrtd:argv_parsing.obj
 0001:00002bc0       ?detach@?$__crt_unique_heap_ptr@U__crt_multibyte_data@@U__crt_internal_free_policy@@@@QEAAPEAU__crt_multibyte_data@@XZ 0000000140003bc0 f i libucrtd:wsetlocale.obj
 0001:00002bc0       ?detach@?$__crt_unique_heap_ptr@PEAU__crt_stdio_stream_data@@U__crt_internal_free_policy@@@@QEAAPEAPEAU__crt_stdio_stream_data@@XZ 0000000140003bc0 f i libucrtd:_file.obj
 0001:00002bc0       ?detach@?$__crt_unique_heap_ptr@U__crt_lowio_handle_data@@U__crt_internal_free_policy@@@@QEAAPEAU__crt_lowio_handle_data@@XZ 0000000140003bc0 f i libucrtd:osfinfo.obj
 0001:00002bc0       ?detach@?$__crt_unique_heap_ptr@U__vcrt_ptd@@U__crt_internal_free_policy@@@@QEAAPEAU__vcrt_ptd@@XZ 0000000140003bc0 f i libvcruntimed:per_thread_data.obj
 0001:00002bc0       ?detach@?$__crt_unique_heap_ptr@U__acrt_ptd@@U__crt_internal_free_policy@@@@QEAAPEAU__acrt_ptd@@XZ 0000000140003bc0 f i libucrtd:per_thread_data.obj
 0001:00002c40       __vcrt_freefls             0000000140003c40 f   libvcruntimed:per_thread_data.obj
 0001:00002c80       __vcrt_getptd              0000000140003c80 f   libvcruntimed:per_thread_data.obj
 0001:00002cb0       __vcrt_getptd_noexit       0000000140003cb0 f   libvcruntimed:per_thread_data.obj
 0001:00002e50       __vcrt_initialize_ptd      0000000140003e50 f   libvcruntimed:per_thread_data.obj
 0001:00002ea0       __vcrt_uninitialize_ptd    0000000140003ea0 f   libvcruntimed:per_thread_data.obj
 0001:00002ed0       __vcrt_initialize_locks    0000000140003ed0 f   libvcruntimed:locks.obj
 0001:00002f40       __vcrt_uninitialize_locks  0000000140003f40 f   libvcruntimed:locks.obj
 0001:00002fa0       ??$?B$$A6AXXZ@__crt_fast_encoded_nullptr_t@@QEBAP6AXXZXZ 0000000140003fa0 f i libvcruntimed:purevirt_data.obj
 0001:00002fa0       ??$?B$$A6AXPEAXK0@Z@__crt_fast_encoded_nullptr_t@@QEBAP6AXPEAXK0@ZXZ 0000000140003fa0 f i libucrtd:exit.obj
 0001:00002fa0       ??$?BP6AXXZ@__crt_fast_encoded_nullptr_t@@QEBAPEAP6AXXZXZ 0000000140003fa0 f i libucrtd:onexit.obj
 0001:00002fa0       ??$?B$$A6AXH@Z@__crt_fast_encoded_nullptr_t@@QEBAP6AXH@ZXZ 0000000140003fa0 f i libucrtd:signal.obj
 0001:00002fa0       ??$?BX@__crt_fast_encoded_nullptr_t@@QEBAPEAXXZ 0000000140003fa0 f i libvcruntimed:winapi_downlevel.obj
 0001:00002fc0       ??$__crt_interlocked_exchange_pointer@UHINSTANCE__@@PEAX@@YAPEAUHINSTANCE__@@PEDSEAU0@QEAX@Z 0000000140003fc0 f i libvcruntimed:winapi_downlevel.obj
 0001:00002fc0       ??$__crt_interlocked_exchange_pointer@XPEAX@@YAPEAXPEDSEAXQEAX@Z 0000000140003fc0 f i libvcruntimed:winapi_downlevel.obj
 0001:00002fc0       ??$__crt_interlocked_exchange_pointer@UHINSTANCE__@@PEAU1@@@YAPEAUHINSTANCE__@@PEDSEAU0@QEAU0@@Z 0000000140003fc0 f i libvcruntimed:winapi_downlevel.obj
 0001:00002fe0       ?__crt_fast_encode_pointer@@YA?AU__crt_fast_encoded_nullptr_t@@$$T@Z 0000000140003fe0 f i libvcruntimed:winapi_downlevel.obj
 0001:00003000       ?get_invalid_value@__crt_findfile_traits@@SAPEAXXZ 0000000140004000 f   libucrtd:argv_wildcards.obj
 0001:00003540       __vcrt_FlsAlloc            0000000140004540 f   libvcruntimed:winapi_downlevel.obj
 0001:00003590       __vcrt_FlsFree             0000000140004590 f   libvcruntimed:winapi_downlevel.obj
 0001:000035e0       __vcrt_FlsGetValue         00000001400045e0 f   libvcruntimed:winapi_downlevel.obj
 0001:00003630       __vcrt_FlsSetValue         0000000140004630 f   libvcruntimed:winapi_downlevel.obj
 0001:00003690       __vcrt_InitializeCriticalSectionEx 0000000140004690 f   libvcruntimed:winapi_downlevel.obj
 0001:000036f0       __vcrt_initialize_winapi_thunks 00000001400046f0 f   libvcruntimed:winapi_downlevel.obj
 0001:00003770       __vcrt_uninitialize_winapi_thunks 0000000140004770 f   libvcruntimed:winapi_downlevel.obj
 0001:00003810       __vcrt_initialize_pure_virtual_call_handler 0000000140004810 f   libvcruntimed:purevirt_data.obj
 0001:00003840       _vsprintf_s_l              0000000140004840 f i libvcruntimed:undname.obj
 0001:000038b0       sprintf_s                  00000001400048b0 f i libvcruntimed:undname.obj
 0001:00003920       memcpy_repmovs             0000000140004920 f   libvcruntimed:memcpy.obj
 0001:00003940       memmove                    0000000140004940 f   libvcruntimed:memcpy.obj
 0001:00003940       memcpy                     0000000140004940 f   libvcruntimed:memcpy.obj
 0001:00003d80       ??$?0AEAViterator@TryBlockMap@__FrameHandler3@@AEAV012@$0A@@?$pair@Viterator@TryBlockMap@__FrameHandler3@@V123@@std@@QEAA@AEAViterator@TryBlockMap@__FrameHandler3@@0@Z 0000000140004d80 f i libvcruntimed:risctrnsctrl.obj
 0001:00003e90       ??$_CallSETranslator@V__FrameHandler3@@@@YAHPEAUEHExceptionRecord@@PEA_KPEAU_CONTEXT@@PEAU_xDISPATCHER_CONTEXT@@PEBU_s_FuncInfo@@K1@Z 0000000140004e90 f i libvcruntimed:risctrnsctrl.obj
 0001:00003f10       ?dangerous_get_state_array@?$dual_state_global@P6AXPEB_W00I_K@Z@__crt_state_management@@QEAAPEAP6AXPEB_W00I_K@ZXZ 0000000140004f10 f i libucrtd:invalid_parameter.obj
 0001:00003f10       ?debug_info@?$__crt_win32_buffer@_WU__crt_win32_buffer_internal_dynamic_resizing@@@@QEBAAEBV__crt_win32_buffer_empty_debug_info@@XZ 0000000140004f10 f i libucrtd:argv_wildcards.obj
 0001:00003f10       ?dangerous_get_state_array@?$dual_state_global@PEAU__crt_multibyte_data@@@__crt_state_management@@QEAAPEAPEAU__crt_multibyte_data@@XZ 0000000140004f10 f i libucrtd:mbctype.obj
 0001:00003f10       ?debug_info@?$__crt_win32_buffer@DU__crt_win32_buffer_internal_dynamic_resizing@@@@QEBAAEBV__crt_win32_buffer_empty_debug_info@@XZ 0000000140004f10 f i libucrtd:argv_wildcards.obj
 0001:00003f10       ?dangerous_get_state_array@?$dual_state_global@PEAE@__crt_state_management@@QEAAPEAPEAEXZ 0000000140004f10 f i libucrtd:mbctype.obj
 0001:00003f10       ?dangerous_get_state_array@?$dual_state_global@PEAU__crt_locale_data@@@__crt_state_management@@QEAAPEAPEAU__crt_locale_data@@XZ 0000000140004f10 f i libucrtd:per_thread_data.obj
 0001:00003f10       ?debug_info@?$__crt_win32_buffer@DU__crt_win32_buffer_no_resizing@@@@QEBAAEBV__crt_win32_buffer_empty_debug_info@@XZ 0000000140004f10 f i libucrtd:getmodulefilenamea.obj
 0001:00003f10       ?get_address_of@?$__crt_unique_handle_t@U__crt_hmodule_traits@@@@QEAAPEAPEAUHINSTANCE__@@XZ 0000000140004f10 f i libucrtd:exit.obj
 0001:00003f10       ??$forward@AEAViterator@TryBlockMap@__FrameHandler3@@@std@@YAAEAViterator@TryBlockMap@__FrameHandler3@@AEAV123@@Z 0000000140004f10 f i libvcruntimed:risctrnsctrl.obj
 0001:00003f10       ?get_address_of@?$__crt_unique_heap_ptr@PEADU__crt_internal_free_policy@@@@QEAAPEAPEAPEADXZ 0000000140004f10 f i libucrtd:argv_parsing.obj
 0001:00003f20       ??0iterator@TryBlockMap@__FrameHandler3@@QEAA@AEAV12@I@Z 0000000140004f20 f i libvcruntimed:risctrnsctrl.obj
 0001:00003f20       ??0iterator@HandlerMap@__FrameHandler3@@QEAA@AEAV12@I@Z 0000000140004f20 f i libvcruntimed:frame.obj
 0001:00003f50       ?CatchTryBlock@__FrameHandler3@@SAPEBU_s_TryBlockMapEntry@@PEBU_s_FuncInfo@@H@Z 0000000140004f50 f   libvcruntimed:risctrnsctrl.obj
 0001:00003ff0       ?ExecutionInCatch@__FrameHandler3@@SA_NPEAU_xDISPATCHER_CONTEXT@@PEBU_s_FuncInfo@@@Z 0000000140004ff0 f   libvcruntimed:risctrnsctrl.obj
 0001:00004040       ?FrameUnwindToEmptyState@__FrameHandler3@@SAXPEA_KPEAU_xDISPATCHER_CONTEXT@@PEBU_s_FuncInfo@@@Z 0000000140005040 f   libvcruntimed:risctrnsctrl.obj
 0001:000040e0       ?GetEstablisherFrame@__FrameHandler3@@SAPEA_KPEA_KPEAU_xDISPATCHER_CONTEXT@@PEBU_s_FuncInfo@@0@Z 00000001400050e0 f   libvcruntimed:risctrnsctrl.obj
 0001:00004250       ?GetRangeOfTrysToCheck@__FrameHandler3@@SA?AU?$pair@Viterator@TryBlockMap@__FrameHandler3@@V123@@std@@AEAVTryBlockMap@1@HH@Z 0000000140005250 f   libvcruntimed:risctrnsctrl.obj
 0001:000044a0       ?UnwindNestedFrames@__FrameHandler3@@SAXPEA_KPEAUEHExceptionRecord@@PEAU_CONTEXT@@0PEAXPEBU_s_FuncInfo@@HHPEBU_s_HandlerType@@PEAU_xDISPATCHER_CONTEXT@@E@Z 00000001400054a0 f   libvcruntimed:risctrnsctrl.obj
 0001:00004610       ?getpDC@TryBlockMap@__FrameHandler3@@QEAAPEAU_xDISPATCHER_CONTEXT@@XZ 0000000140005610 f i libvcruntimed:risctrnsctrl.obj
 0001:00004620       _CreateFrameInfo           0000000140005620 f   libvcruntimed:risctrnsctrl.obj
 0001:00004690       _FindAndUnlinkFrame        0000000140005690 f   libvcruntimed:risctrnsctrl.obj
 0001:00004710       _GetImageBase              0000000140005710 f   libvcruntimed:risctrnsctrl.obj
 0001:00004730       _GetThrowImageBase         0000000140005730 f   libvcruntimed:risctrnsctrl.obj
 0001:00004750       _SetImageBase              0000000140005750 f   libvcruntimed:risctrnsctrl.obj
 0001:00004770       _SetThrowImageBase         0000000140005770 f   libvcruntimed:risctrnsctrl.obj
 0001:00004790       __CxxFrameHandler3         0000000140005790 f   libvcruntimed:risctrnsctrl.obj
 0001:00004850       ?GetCurrentState@__FrameHandler3@@SAHPEA_KPEAU_xDISPATCHER_CONTEXT@@PEBU_s_FuncInfo@@@Z 0000000140005850 f   libvcruntimed:ehstate.obj
 0001:000048b0       ?GetUnwindTryBlock@__FrameHandler3@@SAHPEA_KPEAU_xDISPATCHER_CONTEXT@@PEBU_s_FuncInfo@@@Z 00000001400058b0 f   libvcruntimed:ehstate.obj
 0001:00004900       ?SetState@__FrameHandler3@@SAXPEA_KPEBU_s_FuncInfo@@H@Z 0000000140005900 f   libvcruntimed:ehstate.obj
 0001:00004930       ?SetUnwindTryBlock@__FrameHandler3@@SAXPEA_KPEAU_xDISPATCHER_CONTEXT@@PEBU_s_FuncInfo@@H@Z 0000000140005930 f   libvcruntimed:ehstate.obj
 0001:000049a0       ?StateFromControlPc@__FrameHandler3@@SAHPEBU_s_FuncInfo@@PEAU_xDISPATCHER_CONTEXT@@@Z 00000001400059a0 f   libvcruntimed:ehstate.obj
 0001:000049e0       ?StateFromIp@__FrameHandler3@@SAHPEBU_s_FuncInfo@@PEAU_xDISPATCHER_CONTEXT@@_K@Z 00000001400059e0 f   libvcruntimed:ehstate.obj
 0001:00005c30       ??$TypeMatchHelper@V__FrameHandler3@@@@YAHPEBU_s_HandlerType@@PEBU_s_CatchableType@@PEBU_s_ThrowInfo@@@Z 0000000140006c30 f i libvcruntimed:frame.obj
 0001:00005e20       ??$__InternalCxxFrameHandler@V__FrameHandler3@@@@YA?AW4_EXCEPTION_DISPOSITION@@PEAUEHExceptionRecord@@PEA_KPEAU_CONTEXT@@PEAU_xDISPATCHER_CONTEXT@@PEBU_s_FuncInfo@@H1E@Z 0000000140006e20 f i libvcruntimed:frame.obj
 0001:000062a0       ??0HandlerMap@__FrameHandler3@@QEAA@PEBU_s_TryBlockMapEntry@@PEAU_xDISPATCHER_CONTEXT@@@Z 00000001400072a0 f i libvcruntimed:frame.obj
 0001:000062e0       ??0TryBlockMap@__FrameHandler3@@QEAA@PEBU_s_FuncInfo@@PEAU_xDISPATCHER_CONTEXT@@@Z 00000001400072e0 f i libvcruntimed:frame.obj
 0001:00006310       ??0bad_exception@std@@QEAA@AEBV01@@Z 0000000140007310 f i libvcruntimed:frame.obj
 0001:00006350       ??0bad_exception@std@@QEAA@XZ 0000000140007350 f i libvcruntimed:frame.obj
 0001:00006390       ??0exception@std@@QEAA@AEBV01@@Z 0000000140007390 f i libvcruntimed:frame.obj
 0001:000063f0       ??0exception@std@@QEAA@QEBDH@Z 00000001400073f0 f i libvcruntimed:frame.obj
 0001:00006440       ??1bad_exception@std@@UEAA@XZ 0000000140007440 f i libvcruntimed:frame.obj
 0001:00006460       ??1exception@std@@UEAA@XZ  0000000140007460 f i libvcruntimed:frame.obj
 0001:00006490       ??8iterator@HandlerMap@__FrameHandler3@@QEBA_NAEBV012@@Z 0000000140007490 f i libvcruntimed:frame.obj
 0001:000064d0       ??8type_info@@QEBA_NAEBV0@@Z 00000001400074d0 f i libvcruntimed:frame.obj
 0001:00006520       ??9iterator@HandlerMap@__FrameHandler3@@QEBA_NAEBV012@@Z 0000000140007520 f i libvcruntimed:frame.obj
 0001:00006560       ??Diterator@HandlerMap@__FrameHandler3@@QEAAPEBU_s_HandlerType@@XZ 0000000140007560 f i libvcruntimed:frame.obj
 0001:00006590       ??Diterator@TryBlockMap@__FrameHandler3@@QEAAPEBU_s_TryBlockMapEntry@@XZ 0000000140007590 f i libvcruntimed:frame.obj
 0001:000065d0       ??Eiterator@TryBlockMap@__FrameHandler3@@QEAAAEAV012@XZ 00000001400075d0 f i libvcruntimed:frame.obj
 0001:000065d0       ??Eiterator@HandlerMap@__FrameHandler3@@QEAAAEAV012@XZ 00000001400075d0 f i libvcruntimed:frame.obj
 0001:000065f0       ??Miterator@TryBlockMap@__FrameHandler3@@QEBA_NAEBV012@@Z 00000001400075f0 f i libvcruntimed:frame.obj
 0001:00006630       ??_Ebad_exception@std@@UEAAPEAXI@Z 0000000140007630 f i libvcruntimed:frame.obj
 0001:00006630       ??_Gbad_exception@std@@UEAAPEAXI@Z 0000000140007630 f i libvcruntimed:frame.obj
 0001:00006670       ??_Gexception@std@@UEAAPEAXI@Z 0000000140007670 f i libvcruntimed:frame.obj
 0001:00006670       ??_Eexception@std@@UEAAPEAXI@Z 0000000140007670 f i libvcruntimed:frame.obj
 0001:000066b0       ?BuildCatchObject@__FrameHandler3@@SAXPEAUEHExceptionRecord@@PEAXPEBU_s_HandlerType@@PEBU_s_CatchableType@@@Z 00000001400076b0 f   libvcruntimed:frame.obj
 0001:000066f0       ?CxxCallCatchBlock@__FrameHandler3@@SAPEAXPEAU_EXCEPTION_RECORD@@@Z 00000001400076f0 f   libvcruntimed:frame.obj
 0001:00006a50       ?FrameUnwindToState@__FrameHandler3@@SAXPEA_KPEAU_xDISPATCHER_CONTEXT@@PEBU_s_FuncInfo@@H@Z 0000000140007a50 f   libvcruntimed:frame.obj
 0001:00006ce0       ?GetHandlerSearchState@__FrameHandler3@@SAHPEA_KPEAU_xDISPATCHER_CONTEXT@@PEBU_s_FuncInfo@@@Z 0000000140007ce0 f i libvcruntimed:frame.obj
 0001:00006d90       ?GetMaxState@__FrameHandler3@@SAHPEAU_xDISPATCHER_CONTEXT@@PEBU_s_FuncInfo@@@Z 0000000140007d90 f i libvcruntimed:frame.obj
 0001:00006fc0       __TypeMatch                0000000140007fc0 f   libvcruntimed:frame.obj
 0001:00006fc0       ?TypeMatch@__FrameHandler3@@SAHPEBU_s_HandlerType@@PEBU_s_CatchableType@@PEBU_s_ThrowInfo@@@Z 0000000140007fc0 f   libvcruntimed:frame.obj
 0001:00006ff0       ?_CallMemberFunction1@@YAXQEAX00@Z 0000000140007ff0 f i libvcruntimed:frame.obj
 0001:00007020       ?_CallMemberFunction2@@YAXQEAX00H@Z 0000000140008020 f i libvcruntimed:frame.obj
 0001:00007060       ?_ValidateExecute@@YA_NP6A_JXZ@Z 0000000140008060 f i libvcruntimed:frame.obj
 0001:00007080       ?_ValidateWrite@@YA_NPEAXI@Z 0000000140008080 f i libvcruntimed:frame.obj
 0001:00007080       ?_ValidateRead@@YA_NPEBXI@Z 0000000140008080 f i libvcruntimed:frame.obj
 0001:000070e0       ?begin@HandlerMap@__FrameHandler3@@QEAA?AViterator@12@XZ 00000001400080e0 f i libvcruntimed:frame.obj
 0001:00007110       ?end@HandlerMap@__FrameHandler3@@QEAA?AViterator@12@XZ 0000000140008110 f i libvcruntimed:frame.obj
 0001:00007140       ?getESTypes@__FrameHandler3@@SAPEBU_s_ESTypeList@@PEBU_s_FuncInfo@@@Z 0000000140008140 f i libvcruntimed:frame.obj
 0001:00007180       ?getLastEntry@HandlerMap@__FrameHandler3@@QEAAPEBU_s_HandlerType@@XZ 0000000140008180 f i libvcruntimed:frame.obj
 0001:000071a0       ?getMagicNum@__FrameHandler3@@SAIPEBU_s_FuncInfo@@@Z 00000001400081a0 f i libvcruntimed:frame.obj
 0001:000071c0       ?getNumTryBlocks@TryBlockMap@__FrameHandler3@@QEAAIXZ 00000001400081c0 f i libvcruntimed:frame.obj
 0001:000071e0       ?isEHs@__FrameHandler3@@SA_NPEBU_s_FuncInfo@@@Z 00000001400081e0 f i libvcruntimed:frame.obj
 0001:00007220       ?isNoExcept@__FrameHandler3@@SA_NPEBU_s_FuncInfo@@@Z 0000000140008220 f i libvcruntimed:frame.obj
 0001:00007260       ?what@exception@std@@UEBAPEBDXZ 0000000140008260 f i libvcruntimed:frame.obj
 0001:000072a0       __vcrt_EncodePointer       00000001400082a0 f i libvcruntimed:frame.obj
 0001:000072d0       memset_repmovs             00000001400082d0 f   libvcruntimed:memset.obj
 0001:000072f0       memset                     00000001400082f0 f   libvcruntimed:memset.obj
 0001:00007490       _CallSettingFrame          0000000140008490 f   libvcruntimed:handlers.obj
 0001:000074e0       _CallSettingFrameEncoded   00000001400084e0 f   libvcruntimed:handlers.obj
 0001:00007530       ??$?RD@__crt_public_free_policy@@QEBAXQEBD@Z 0000000140008530 f i libvcruntimed:std_exception.obj
 0001:00007550       ??1?$__crt_unique_heap_ptr@DU__crt_public_free_policy@@@@QEAA@XZ 0000000140008550 f i libvcruntimed:std_exception.obj
 0001:00007570       ?release@?$__crt_unique_heap_ptr@DU__crt_public_free_policy@@@@QEAAXXZ 0000000140008570 f i libvcruntimed:std_exception.obj
 0001:000075a0       __std_exception_copy       00000001400085a0 f   libvcruntimed:std_exception.obj
 0001:000076d0       __std_exception_destroy    00000001400086d0 f   libvcruntimed:std_exception.obj
 0001:00007710       _CxxThrowException         0000000140008710 f   libvcruntimed:throw.obj
 0001:000078d0       _seh_filter_exe            00000001400088d0 f   libucrtd:exception_filter.obj
 0001:00007d40       __acrt_report_runtime_error 0000000140008d40 f   libucrtd:report_runtime_error.obj
 0001:00007fc0       _invoke_watson_if_error    0000000140008fc0 f i libucrtd:report_runtime_error.obj
 0001:00008010       _query_app_type            0000000140009010 f   libucrtd:report_runtime_error.obj
 0001:00008020       _set_app_type              0000000140009020 f   libucrtd:report_runtime_error.obj
 0001:00008030       ?initialize@?$dual_state_global@P6AHPEAU_exception@@@Z@__crt_state_management@@QEAAXQ6AHPEAU_exception@@@Z@Z 0000000140009030 f i libucrtd:matherr.obj
 0001:00008030       ?initialize@?$dual_state_global@PEAU__crt_locale_data@@@__crt_state_management@@QEAAXQEAU__crt_locale_data@@@Z 0000000140009030 f i libucrtd:initialization.obj
 0001:00008030       ?initialize@?$dual_state_global@PEAU__crt_multibyte_data@@@__crt_state_management@@QEAAXQEAU__crt_multibyte_data@@@Z 0000000140009030 f i libucrtd:mbctype.obj
 0001:00008030       ?initialize@?$dual_state_global@P6AH_K@Z@__crt_state_management@@QEAAXQ6AH_K@Z@Z 0000000140009030 f i libucrtd:new_handler.obj
 0001:00008030       ?initialize@?$dual_state_global@P6AXH@Z@__crt_state_management@@QEAAXQ6AXH@Z@Z 0000000140009030 f i libucrtd:signal.obj
 0001:00008080       ?value@?$dual_state_global@P6AH_K@Z@__crt_state_management@@QEAAAEAP6AH_K@ZXZ 0000000140009080 f i libucrtd:new_handler.obj
 0001:00008080       ?value@?$dual_state_global@P6AHPEAU_exception@@@Z@__crt_state_management@@QEAAAEAP6AHPEAU_exception@@@ZXZ 0000000140009080 f i libucrtd:matherr.obj
 0001:00008080       ?value@?$dual_state_global@P6AXPEB_W00I_K@Z@__crt_state_management@@QEAAAEAP6AXPEB_W00I_K@ZXZ 0000000140009080 f i libucrtd:invalid_parameter.obj
 0001:00008080       ?value@?$dual_state_global@P6AXH@Z@__crt_state_management@@QEAAAEAP6AXH@ZXZ 0000000140009080 f i libucrtd:signal.obj
 0001:00008080       ?value@?$dual_state_global@PEAE@__crt_state_management@@QEAAAEAPEAEXZ 0000000140009080 f i libucrtd:mbctype.obj
 0001:00008080       ?value@?$dual_state_global@PEAU__crt_multibyte_data@@@__crt_state_management@@QEAAAEAPEAU__crt_multibyte_data@@XZ 0000000140009080 f i libucrtd:mbctype.obj
 0001:00008080       ?value@?$dual_state_global@PEAU__crt_locale_data@@@__crt_state_management@@QEAAAEAPEAU__crt_locale_data@@XZ 0000000140009080 f i libucrtd:wsetlocale.obj
 0001:000080a0       __acrt_has_user_matherr    00000001400090a0 f   libucrtd:matherr.obj
 0001:000080e0       __acrt_initialize_user_matherr 00000001400090e0 f   libucrtd:matherr.obj
 0001:00008100       __acrt_invoke_user_matherr 0000000140009100 f   libucrtd:matherr.obj
 0001:00008150       __setusermatherr           0000000140009150 f   libucrtd:matherr.obj
 0001:00008520       ??$get_module_file_name@$$TAEAY0BAF@DH@?$__crt_char_traits@D@@SAK$$QEA$$TAEAY0BAF@D$$QEAH@Z 0000000140009520 f i libucrtd:argv_parsing.obj
 0001:00008520       ??$get_module_file_name@AEAPEAUHINSTANCE__@@AEAY0BAF@DK@?$__crt_char_traits@D@@SAKAEAPEAUHINSTANCE__@@AEAY0BAF@D$$QEAK@Z 0000000140009520 f i libucrtd:dbgrpt.obj
 0001:000089f0       ??$set_program_name@PEAD@?$__crt_char_traits@D@@SAX$$QEAPEAD@Z 00000001400099f0 f i libucrtd:argv_parsing.obj
 0001:00008b20       __acrt_allocate_buffer_for_argv 0000000140009b20 f   libucrtd:argv_parsing.obj
 0001:00008c40       _configure_narrow_argv     0000000140009c40 f   libucrtd:argv_parsing.obj
 0001:00008c60       _set_pgmptr                0000000140009c60 f i libucrtd:argv_parsing.obj
 0001:00008e90       ??$tcslen@AEAPEAD@?$__crt_char_traits@D@@SA_KAEAPEAD@Z 0000000140009e90 f i libucrtd:environment_initialization.obj
 0001:00008edc       ??B?$__crt_unique_heap_ptr@PEADU__crt_internal_free_policy@@@@QEBA_NXZ 0000000140009edc f i libucrtd:environment_initialization.obj
 0001:00008ee4       ?detach@?$__crt_unique_heap_ptr@DU__crt_internal_free_policy@@@@QEAAPEADXZ 0000000140009ee4 f i libucrtd:environment_initialization.obj
 0001:00008eec       __dcrt_uninitialize_environments_nolock 0000000140009eec f   libucrtd:environment_initialization.obj
 0001:00008f24       _initialize_narrow_environment 0000000140009f24 f   libucrtd:environment_initialization.obj
 0001:00009070       _get_narrow_winmain_command_line 000000014000a070 f   libucrtd:argv_winmain.obj
 0001:00009080       _initterm                  000000014000a080 f   libucrtd:initterm.obj
 0001:000090e0       _initterm_e                000000014000a0e0 f   libucrtd:initterm.obj
 0001:000091f0       ??$__crt_get_proc_address@P6AXI@Z@@YAP6AXI@ZQEAUHINSTANCE__@@QEBD@Z 000000014000a1f0 f i libucrtd:exit.obj
 0001:00009220       ??$__crt_interlocked_read@J@@YAJPEDJ@Z 000000014000a220 f i libucrtd:exit.obj
 0001:000092b0       ??1?$__crt_unique_handle_t@U__crt_hmodule_traits@@@@QEAA@XZ 000000014000a2b0 f i libucrtd:exit.obj
 0001:00009410       ?__acrt_select_exit_lock@@YA?AW4__acrt_lock_id@@XZ 000000014000a410 f i libucrtd:exit.obj
 0001:00009420       ?__crt_interlocked_read_32@@YAHPEDH@Z 000000014000a420 f i libucrtd:exit.obj
 0001:00009460       ?close@?$__crt_unique_handle_t@U__crt_hmodule_traits@@@@QEAAXXZ 000000014000a460 f i libucrtd:exit.obj
 0001:000094a0       ?close@__crt_hmodule_traits@@SA_NPEAUHINSTANCE__@@@Z 000000014000a4a0 f i libucrtd:exit.obj
 0001:00009760       __acrt_initialize_thread_local_exit_callback 000000014000a760 f   libucrtd:exit.obj
 0001:00009780       _c_exit                    000000014000a780 f   libucrtd:exit.obj
 0001:000097a0       _cexit                     000000014000a7a0 f   libucrtd:exit.obj
 0001:000097c0       _exit                      000000014000a7c0 f   libucrtd:exit.obj
 0001:000097e0       _register_thread_local_exe_atexit_callback 000000014000a7e0 f   libucrtd:exit.obj
 0001:00009830       exit                       000000014000a830 f   libucrtd:exit.obj
 0001:00009850       ?value@?$dual_state_global@J@__crt_state_management@@QEAAAEAJXZ 000000014000a850 f i libucrtd:new_mode.obj
 0001:00009850       ?value@?$dual_state_global@H@__crt_state_management@@QEAAAEAHXZ 000000014000a850 f i libucrtd:setmode.obj
 0001:00009870       _set_fmode                 000000014000a870 f   libucrtd:setmode.obj
 0001:00009ab0       __acrt_set_locale_changed  000000014000aab0 f   libucrtd:wsetlocale.obj
 0001:00009ac0       __acrt_uninitialize_locale 000000014000aac0 f   libucrtd:wsetlocale.obj
 0001:00009af0       __ascii_tolower            000000014000aaf0 f i libucrtd:wsetlocale.obj
 0001:00009b10       __ascii_towlower           000000014000ab10 f i libucrtd:wsetlocale.obj
 0001:00009b30       _configthreadlocale        000000014000ab30 f   libucrtd:wsetlocale.obj
 0001:00009c90       _query_new_mode            000000014000ac90 f   libucrtd:new_mode.obj
 0001:00009cb0       _set_new_mode              000000014000acb0 f   libucrtd:new_mode.obj
 0001:00009d80       __p__commode               000000014000ad80 f   libucrtd:ncommode.obj
 0001:0000a410       _crt_atexit                000000014000b410 f   libucrtd:onexit.obj
 0001:0000a430       _execute_onexit_table      000000014000b430 f   libucrtd:onexit.obj
 0001:0000a470       _initialize_onexit_table   000000014000b470 f   libucrtd:onexit.obj
 0001:0000a4f0       _register_onexit_function  000000014000b4f0 f   libucrtd:onexit.obj
 0001:0000a580       __acrt_uninitialize_command_line 000000014000b580 f   libucrtd:argv_data.obj
 0001:0000a7e0       __acrt_initialize          000000014000b7e0 f   libucrtd:initialization.obj
 0001:0000a810       __acrt_uninitialize        000000014000b810 f   libucrtd:initialization.obj
 0001:0000a840       terminate                  000000014000b840 f   libucrtd:terminate.obj
 0001:0000a880       ??0_LocaleUpdate@@QEAA@QEAU__crt_locale_pointers@@@Z 000000014000b880 f i libucrtd:debug_heap.obj
 0001:0000a9a0       ??1_LocaleUpdate@@QEAA@XZ  000000014000b9a0 f i libucrtd:debug_heap.obj
 0001:0000a9e0       ?GetLocaleT@_LocaleUpdate@@QEAAPEAU__crt_locale_pointers@@XZ 000000014000b9e0 f i libucrtd:debug_heap.obj
 0001:0000c9c0       _CrtCheckMemory            000000014000d9c0 f   libucrtd:debug_heap.obj
 0001:0000cb50       _CrtDumpMemoryLeaks        000000014000db50 f   libucrtd:debug_heap.obj
 0001:0000cc10       _CrtIsValidHeapPointer     000000014000dc10 f   libucrtd:debug_heap.obj
 0001:0000cc50       _CrtIsValidPointer         000000014000dc50 f   libucrtd:debug_heap.obj
 0001:0000cc90       _CrtMemCheckpoint          000000014000dc90 f   libucrtd:debug_heap.obj
 0001:0000cf10       _CrtMemDumpAllObjectsSince 000000014000df10 f   libucrtd:debug_heap.obj
 0001:0000cf70       _CrtSetDbgFlag             000000014000df70 f   libucrtd:debug_heap.obj
 0001:0000d0d0       _CrtSetDumpClient          000000014000e0d0 f   libucrtd:debug_heap.obj
 0001:0000d100       __acrt_get_locale_data_prefix 000000014000e100 f i libucrtd:debug_heap.obj
 0001:0000d120       __acrt_locale_changed      000000014000e120 f i libucrtd:debug_heap.obj
 0001:0000d150       _calloc_dbg                000000014000e150 f   libucrtd:debug_heap.obj
 0001:0000d1f0       _chvalidchk_l              000000014000e1f0 f i libucrtd:debug_heap.obj
 0001:0000d220       _free_dbg                  000000014000e220 f   libucrtd:debug_heap.obj
 0001:0000d290       _invoke_watson_if_oneof    000000014000e290 f i libucrtd:debug_heap.obj
 0001:0000d2f0       _ischartype_l              000000014000e2f0 f i libucrtd:debug_heap.obj
 0001:0000d380       _malloc_dbg                000000014000e380 f   libucrtd:debug_heap.obj
 0001:0000d3c0       _msize_dbg                 000000014000e3c0 f   libucrtd:debug_heap.obj
 0001:0000d560       _realloc_dbg               000000014000e560 f   libucrtd:debug_heap.obj
 0001:0000d5d0       _recalloc_dbg              000000014000e5d0 f   libucrtd:debug_heap.obj
 0001:0000dba0       strcpy_s                   000000014000eba0 f   libucrtd:strcpy_s.obj
 0001:0000dbe0       strcmp                     000000014000ebe0 f   libucrtd:strcmp.obj
 0001:0000dc60       strlen                     000000014000ec60 f   libucrtd:strlen.obj
 0001:0000dd10       abort                      000000014000ed10 f   libucrtd:abort.obj
 0001:0000eb40       ??$get_module_file_name@AEAPEAUHINSTANCE__@@AEAY0BAF@_WK@?$__crt_char_traits@_W@@SAKAEAPEAUHINSTANCE__@@AEAY0BAF@_W$$QEAK@Z 000000014000fb40 f i libucrtd:dbgrpt.obj
 0001:0000eb80       ??$tcscpy_s@AEAY0BAF@D_KPEBD@?$__crt_char_traits@D@@SAHAEAY0BAF@D$$QEA_K$$QEAPEBD@Z 000000014000fb80 f i libucrtd:dbgrpt.obj
 0001:0000ebc0       ??$tcscpy_s@AEAY0BAF@_W_KPEB_W@?$__crt_char_traits@_W@@SAHAEAY0BAF@_W$$QEA_K$$QEAPEB_W@Z 000000014000fbc0 f i libucrtd:dbgrpt.obj
 0001:0000ec00       ??$tcslen@AEAY0BAF@D@?$__crt_char_traits@D@@SA_KAEAY0BAF@D@Z 000000014000fc00 f i libucrtd:dbgrpt.obj
 0001:0000ec20       ??$tcslen@AEAY0BAF@_W@?$__crt_char_traits@_W@@SA_KAEAY0BAF@_W@Z 000000014000fc20 f i libucrtd:dbgrpt.obj
 0001:0000ec40       ??$tcslen@AEBQEBD@?$__crt_char_traits@D@@SA_KAEBQEBD@Z 000000014000fc40 f i libucrtd:dbgrpt.obj
 0001:0000ec60       ??$tcslen@AEBQEB_W@?$__crt_char_traits@_W@@SA_KAEBQEB_W@Z 000000014000fc60 f i libucrtd:dbgrpt.obj
 0001:0000ecc0       _CrtDbgReport              000000014000fcc0 f   libucrtd:dbgrpt.obj
 0001:0000ed40       _CrtDbgReportW             000000014000fd40 f   libucrtd:dbgrpt.obj
 0001:0000edc0       __acrt_MessageWindowA      000000014000fdc0 f   libucrtd:dbgrpt.obj
 0001:0000ee10       __acrt_MessageWindowW      000000014000fe10 f   libucrtd:dbgrpt.obj
 0001:0000ee60       _snwprintf_s               000000014000fe60 f i libucrtd:dbgrpt.obj
 0001:0000eed0       _vsnwprintf_s_l            000000014000fed0 f i libucrtd:dbgrpt.obj
 0001:0000ef50       wcsncmp                    000000014000ff50 f   libucrtd:wcsncmp.obj
 0001:0000efe0       ??$?0AEBV?$string_output_adapter@D@__crt_stdio_output@@AEB_KAEBQEBDAEBQEAU__crt_locale_pointers@@AEBQEAD@?$format_validation_base@DV?$string_output_adapter@D@__crt_stdio_output@@@__crt_stdio_output@@IEAA@AEBV?$string_output_adapter@D@1@AEB_KAEBQEBDAEBQEAU__crt_locale_pointers@@AEBQEAD@Z 000000014000ffe0 f i libucrtd:output.obj
 0001:0000f030       ??$?0AEBV?$string_output_adapter@D@__crt_stdio_output@@AEB_KAEBQEBDAEBQEAU__crt_locale_pointers@@AEBQEAD@?$standard_base@DV?$string_output_adapter@D@__crt_stdio_output@@@__crt_stdio_output@@IEAA@AEBV?$string_output_adapter@D@1@AEB_KAEBQEBDAEBQEAU__crt_locale_pointers@@AEBQEAD@Z 0000000140010030 f i libucrtd:output.obj
 0001:0000f0a0       ??$?0AEBV?$string_output_adapter@_W@__crt_stdio_output@@AEB_KAEBQEB_WAEBQEAU__crt_locale_pointers@@AEBQEAD@?$format_validation_base@_WV?$string_output_adapter@_W@__crt_stdio_output@@@__crt_stdio_output@@IEAA@AEBV?$string_output_adapter@_W@1@AEB_KAEBQEB_WAEBQEAU__crt_locale_pointers@@AEBQEAD@Z 00000001400100a0 f i libucrtd:output.obj
 0001:0000f0f0       ??$?0AEBV?$string_output_adapter@_W@__crt_stdio_output@@AEB_KAEBQEB_WAEBQEAU__crt_locale_pointers@@AEBQEAD@?$standard_base@_WV?$string_output_adapter@_W@__crt_stdio_output@@@__crt_stdio_output@@IEAA@AEBV?$string_output_adapter@_W@1@AEB_KAEBQEB_WAEBQEAU__crt_locale_pointers@@AEBQEAD@Z 00000001400100f0 f i libucrtd:output.obj
 0001:00010a70       ??$count@D@formatting_buffer@__crt_stdio_output@@QEBA_KXZ 0000000140011a70 f i libucrtd:output.obj
 0001:00010ac0       ??$count@_W@formatting_buffer@__crt_stdio_output@@QEBA_KXZ 0000000140011ac0 f i libucrtd:output.obj
 0001:00010b10       ??$data@_W@formatting_buffer@__crt_stdio_output@@QEAAPEA_WXZ 0000000140011b10 f i libucrtd:output.obj
 0001:00010b10       ??$data@D@formatting_buffer@__crt_stdio_output@@QEAAPEADXZ 0000000140011b10 f i libucrtd:output.obj
 0001:00010b60       ??$ensure_buffer_is_big_enough@D@formatting_buffer@__crt_stdio_output@@QEAA_N_K@Z 0000000140011b60 f i libucrtd:output.obj
 0001:00010c90       ??$ensure_buffer_is_big_enough@_W@formatting_buffer@__crt_stdio_output@@QEAA_N_K@Z 0000000140011c90 f i libucrtd:output.obj
 0001:00010dc0       ??$extract_argument_from_va_list@C_J@?$standard_base@DV?$string_output_adapter@D@__crt_stdio_output@@@__crt_stdio_output@@IEAA_NAEA_J@Z 0000000140011dc0 f i libucrtd:output.obj
 0001:00010dc0       ??$extract_argument_from_va_list@C_J@?$standard_base@_WV?$string_output_adapter@_W@__crt_stdio_output@@@__crt_stdio_output@@IEAA_NAEA_J@Z 0000000140011dc0 f i libucrtd:output.obj
 0001:00010e00       ??$extract_argument_from_va_list@E_J@?$standard_base@DV?$string_output_adapter@D@__crt_stdio_output@@@__crt_stdio_output@@IEAA_NAEA_J@Z 0000000140011e00 f i libucrtd:output.obj
 0001:00010e00       ??$extract_argument_from_va_list@E_J@?$standard_base@_WV?$string_output_adapter@_W@__crt_stdio_output@@@__crt_stdio_output@@IEAA_NAEA_J@Z 0000000140011e00 f i libucrtd:output.obj
 0001:00010e40       ??$extract_argument_from_va_list@F_J@?$standard_base@_WV?$string_output_adapter@_W@__crt_stdio_output@@@__crt_stdio_output@@IEAA_NAEA_J@Z 0000000140011e40 f i libucrtd:output.obj
 0001:00010e40       ??$extract_argument_from_va_list@F_J@?$standard_base@DV?$string_output_adapter@D@__crt_stdio_output@@@__crt_stdio_output@@IEAA_NAEA_J@Z 0000000140011e40 f i libucrtd:output.obj
 0001:00010e80       ??$extract_argument_from_va_list@GD@?$standard_base@DV?$string_output_adapter@D@__crt_stdio_output@@@__crt_stdio_output@@IEAA_NAEAD@Z 0000000140011e80 f i libucrtd:output.obj
 0001:00010eb0       ??$extract_argument_from_va_list@G_J@?$standard_base@_WV?$string_output_adapter@_W@__crt_stdio_output@@@__crt_stdio_output@@IEAA_NAEA_J@Z 0000000140011eb0 f i libucrtd:output.obj
 0001:00010eb0       ??$extract_argument_from_va_list@G_J@?$standard_base@DV?$string_output_adapter@D@__crt_stdio_output@@@__crt_stdio_output@@IEAA_NAEA_J@Z 0000000140011eb0 f i libucrtd:output.obj
 0001:00010ef0       ??$extract_argument_from_va_list@H_J@?$standard_base@_WV?$string_output_adapter@_W@__crt_stdio_output@@@__crt_stdio_output@@IEAA_NAEA_J@Z 0000000140011ef0 f i libucrtd:output.obj
 0001:00010ef0       ??$extract_argument_from_va_list@H_J@?$standard_base@DV?$string_output_adapter@D@__crt_stdio_output@@@__crt_stdio_output@@IEAA_NAEA_J@Z 0000000140011ef0 f i libucrtd:output.obj
 0001:00010f20       ??$extract_argument_from_va_list@I_J@?$standard_base@_WV?$string_output_adapter@_W@__crt_stdio_output@@@__crt_stdio_output@@IEAA_NAEA_J@Z 0000000140011f20 f i libucrtd:output.obj
 0001:00010f20       ??$extract_argument_from_va_list@I_J@?$standard_base@DV?$string_output_adapter@D@__crt_stdio_output@@@__crt_stdio_output@@IEAA_NAEA_J@Z 0000000140011f20 f i libucrtd:output.obj
 0001:00010f50       ??$extract_argument_from_va_list@_J_J@?$standard_base@DV?$string_output_adapter@D@__crt_stdio_output@@@__crt_stdio_output@@IEAA_NAEA_J@Z 0000000140011f50 f i libucrtd:output.obj
 0001:00010f50       ??$extract_argument_from_va_list@_J_J@?$standard_base@_WV?$string_output_adapter@_W@__crt_stdio_output@@@__crt_stdio_output@@IEAA_NAEA_J@Z 0000000140011f50 f i libucrtd:output.obj
 0001:00010f50       ??$extract_argument_from_va_list@PEADPEAD@?$standard_base@DV?$string_output_adapter@D@__crt_stdio_output@@@__crt_stdio_output@@IEAA_NAEAPEAD@Z 0000000140011f50 f i libucrtd:output.obj
 0001:00010f50       ??$extract_argument_from_va_list@PEAXPEAX@?$standard_base@DV?$string_output_adapter@D@__crt_stdio_output@@@__crt_stdio_output@@IEAA_NAEAPEAX@Z 0000000140011f50 f i libucrtd:output.obj
 0001:00010f50       ??$extract_argument_from_va_list@PEAXPEAX@?$standard_base@_WV?$string_output_adapter@_W@__crt_stdio_output@@@__crt_stdio_output@@IEAA_NAEAPEAX@Z 0000000140011f50 f i libucrtd:output.obj
 0001:00010f50       ??$extract_argument_from_va_list@_K_J@?$standard_base@_WV?$string_output_adapter@_W@__crt_stdio_output@@@__crt_stdio_output@@IEAA_NAEA_J@Z 0000000140011f50 f i libucrtd:output.obj
 0001:00010f50       ??$extract_argument_from_va_list@_K_J@?$standard_base@DV?$string_output_adapter@D@__crt_stdio_output@@@__crt_stdio_output@@IEAA_NAEA_J@Z 0000000140011f50 f i libucrtd:output.obj
 0001:00010f50       ??$extract_argument_from_va_list@PEADPEAD@?$standard_base@_WV?$string_output_adapter@_W@__crt_stdio_output@@@__crt_stdio_output@@IEAA_NAEAPEAD@Z 0000000140011f50 f i libucrtd:output.obj
 0001:00010fb0       ??$extract_argument_from_va_list@U_CRT_DOUBLE@@U1@@?$standard_base@DV?$string_output_adapter@D@__crt_stdio_output@@@__crt_stdio_output@@IEAA_NAEAU_CRT_DOUBLE@@@Z 0000000140011fb0 f i libucrtd:output.obj
 0001:00010fb0       ??$extract_argument_from_va_list@U_CRT_DOUBLE@@U1@@?$standard_base@_WV?$string_output_adapter@_W@__crt_stdio_output@@@__crt_stdio_output@@IEAA_NAEAU_CRT_DOUBLE@@@Z 0000000140011fb0 f i libucrtd:output.obj
 0001:00011000       ??$extract_argument_from_va_list@_W_W@?$standard_base@_WV?$string_output_adapter@_W@__crt_stdio_output@@@__crt_stdio_output@@IEAA_NAEA_W@Z 0000000140012000 f i libucrtd:output.obj
 0001:00011000       ??$extract_argument_from_va_list@_W_W@?$standard_base@DV?$string_output_adapter@D@__crt_stdio_output@@@__crt_stdio_output@@IEAA_NAEA_W@Z 0000000140012000 f i libucrtd:output.obj
 0001:00011030       ??$is_wide_character_specifier@D@__crt_stdio_output@@YA_N_KDW4length_modifier@0@@Z 0000000140012030 f i libucrtd:output.obj
 0001:000110d0       ??$is_wide_character_specifier@_W@__crt_stdio_output@@YA_N_K_WW4length_modifier@0@@Z 00000001400120d0 f i libucrtd:output.obj
 0001:000111a0       ??$read_va_arg@E@__crt_stdio_output@@YAEAEAPEAD@Z 00000001400121a0 f i libucrtd:output.obj
 0001:000111a0       ??$read_va_arg@C@__crt_stdio_output@@YACAEAPEAD@Z 00000001400121a0 f i libucrtd:output.obj
 0001:00011210       ??$read_va_arg@_W@__crt_stdio_output@@YA_WAEAPEAD@Z 0000000140012210 f i libucrtd:output.obj
 0001:00011210       ??$read_va_arg@F@__crt_stdio_output@@YAFAEAPEAD@Z 0000000140012210 f i libucrtd:output.obj
 0001:00011210       ??$read_va_arg@G@__crt_stdio_output@@YAGAEAPEAD@Z 0000000140012210 f i libucrtd:output.obj
 0001:00011280       ??$read_va_arg@I@__crt_stdio_output@@YAIAEAPEAD@Z 0000000140012280 f i libucrtd:output.obj
 0001:00011280       ??$read_va_arg@H@__crt_stdio_output@@YAHAEAPEAD@Z 0000000140012280 f i libucrtd:output.obj
 0001:000112e0       ??$read_va_arg@U_CRT_DOUBLE@@@__crt_stdio_output@@YA?AU_CRT_DOUBLE@@AEAPEAD@Z 00000001400122e0 f i libucrtd:output.obj
 0001:000112e0       ??$read_va_arg@_J@__crt_stdio_output@@YA_JAEAPEAD@Z 00000001400122e0 f i libucrtd:output.obj
 0001:000112e0       ??$read_va_arg@PEAD@__crt_stdio_output@@YAPEADAEAPEAD@Z 00000001400122e0 f i libucrtd:output.obj
 0001:000112e0       ??$read_va_arg@PEAX@__crt_stdio_output@@YAPEAXAEAPEAD@Z 00000001400122e0 f i libucrtd:output.obj
 0001:000112e0       ??$read_va_arg@_K@__crt_stdio_output@@YA_KAEAPEAD@Z 00000001400122e0 f i libucrtd:output.obj
 0001:000113c0       ??$scratch_count@D@formatting_buffer@__crt_stdio_output@@QEBA_KXZ 00000001400123c0 f i libucrtd:output.obj
 0001:000113e0       ??$scratch_data@D@formatting_buffer@__crt_stdio_output@@QEAAPEADXZ 00000001400123e0 f i libucrtd:output.obj
 0001:00011450       ??$tcstol@PEBDPEAPEADH@?$__crt_char_traits@D@@SAJ$$QEAPEBD$$QEAPEAPEAD$$QEAH@Z 0000000140012450 f i libucrtd:output.obj
 0001:00011490       ??$tcstol@PEB_WPEAPEA_WH@?$__crt_char_traits@_W@@SAJ$$QEAPEB_W$$QEAPEAPEA_W$$QEAH@Z 0000000140012490 f i libucrtd:output.obj
 0001:000114d0       ??$type_case_integer_parse_into_buffer@I@?$output_processor@DV?$string_output_adapter@D@__crt_stdio_output@@V?$format_validation_base@DV?$string_output_adapter@D@__crt_stdio_output@@@2@@__crt_stdio_output@@AEAAXII_N@Z 00000001400124d0 f i libucrtd:output.obj
 0001:00011600       ??$type_case_integer_parse_into_buffer@I@?$output_processor@_WV?$string_output_adapter@_W@__crt_stdio_output@@V?$format_validation_base@_WV?$string_output_adapter@_W@__crt_stdio_output@@@2@@__crt_stdio_output@@AEAAXII_N@Z 0000000140012600 f i libucrtd:output.obj
 0001:00011740       ??$type_case_integer_parse_into_buffer@_K@?$output_processor@DV?$string_output_adapter@D@__crt_stdio_output@@V?$format_validation_base@DV?$string_output_adapter@D@__crt_stdio_output@@@2@@__crt_stdio_output@@AEAAX_KI_N@Z 0000000140012740 f i libucrtd:output.obj
 0001:00011890       ??$type_case_integer_parse_into_buffer@_K@?$output_processor@_WV?$string_output_adapter@_W@__crt_stdio_output@@V?$format_validation_base@_WV?$string_output_adapter@_W@__crt_stdio_output@@@2@@__crt_stdio_output@@AEAAX_KI_N@Z 0000000140012890 f i libucrtd:output.obj
 0001:000119f0       ??$write_multiple_characters@V?$string_output_adapter@D@__crt_stdio_output@@D@__crt_stdio_output@@YAXAEBV?$string_output_adapter@D@0@DHQEAH@Z 00000001400129f0 f i libucrtd:output.obj
 0001:00011a50       ??$write_multiple_characters@V?$string_output_adapter@_W@__crt_stdio_output@@D@__crt_stdio_output@@YAXAEBV?$string_output_adapter@_W@0@DHQEAH@Z 0000000140012a50 f i libucrtd:output.obj
 0001:00011ab0       ??0?$common_data@D@__crt_stdio_output@@IEAA@XZ 0000000140012ab0 f i libucrtd:output.obj
 0001:00011b80       ??0?$common_data@_W@__crt_stdio_output@@IEAA@XZ 0000000140012b80 f i libucrtd:output.obj
 0001:00011c50       ??0?$output_adapter_data@DV?$string_output_adapter@D@__crt_stdio_output@@@__crt_stdio_output@@IEAA@AEBV?$string_output_adapter@D@1@_KQEBDQEAU__crt_locale_pointers@@QEAD@Z 0000000140012c50 f i libucrtd:output.obj
 0001:00011cd0       ??0?$output_adapter_data@_WV?$string_output_adapter@_W@__crt_stdio_output@@@__crt_stdio_output@@IEAA@AEBV?$string_output_adapter@_W@1@_KQEB_WQEAU__crt_locale_pointers@@QEAD@Z 0000000140012cd0 f i libucrtd:output.obj
 0001:00011d50       ??0?$output_processor@DV?$string_output_adapter@D@__crt_stdio_output@@V?$format_validation_base@DV?$string_output_adapter@D@__crt_stdio_output@@@2@@__crt_stdio_output@@QEAA@AEBV?$string_output_adapter@D@1@_KQEBDQEAU__crt_locale_pointers@@QEAD@Z 0000000140012d50 f i libucrtd:output.obj
 0001:00011da0       ??0?$output_processor@_WV?$string_output_adapter@_W@__crt_stdio_output@@V?$format_validation_base@_WV?$string_output_adapter@_W@__crt_stdio_output@@@2@@__crt_stdio_output@@QEAA@AEBV?$string_output_adapter@_W@1@_KQEB_WQEAU__crt_locale_pointers@@QEAD@Z 0000000140012da0 f i libucrtd:output.obj
 0001:00011df0       ??0__crt_deferred_errno_cache@@QEAA@XZ 0000000140012df0 f i libucrtd:output.obj
 0001:00011e10       ??0__crt_errno_guard@@QEAA@QEAH@Z 0000000140012e10 f i libucrtd:output.obj
 0001:00011e50       ??0formatting_buffer@__crt_stdio_output@@QEAA@XZ 0000000140012e50 f i libucrtd:output.obj
 0001:00011e90       ??1?$common_data@_W@__crt_stdio_output@@QEAA@XZ 0000000140012e90 f i libucrtd:output.obj
 0001:00011e90       ??1?$common_data@D@__crt_stdio_output@@QEAA@XZ 0000000140012e90 f i libucrtd:output.obj
 0001:00011eb0       ??1?$format_validation_base@_WV?$string_output_adapter@_W@__crt_stdio_output@@@__crt_stdio_output@@QEAA@XZ 0000000140012eb0 f i libucrtd:output.obj
 0001:00011eb0       ??1?$format_validation_base@DV?$string_output_adapter@D@__crt_stdio_output@@@__crt_stdio_output@@QEAA@XZ 0000000140012eb0 f i libucrtd:output.obj
 0001:00011ed0       ??1?$output_adapter_data@DV?$string_output_adapter@D@__crt_stdio_output@@@__crt_stdio_output@@QEAA@XZ 0000000140012ed0 f i libucrtd:output.obj
 0001:00011ed0       ??1?$output_adapter_data@_WV?$string_output_adapter@_W@__crt_stdio_output@@@__crt_stdio_output@@QEAA@XZ 0000000140012ed0 f i libucrtd:output.obj
 0001:00011ef0       ??1?$output_processor@_WV?$string_output_adapter@_W@__crt_stdio_output@@V?$format_validation_base@_WV?$string_output_adapter@_W@__crt_stdio_output@@@2@@__crt_stdio_output@@QEAA@XZ 0000000140012ef0 f i libucrtd:output.obj
 0001:00011ef0       ??1?$output_processor@DV?$string_output_adapter@D@__crt_stdio_output@@V?$format_validation_base@DV?$string_output_adapter@D@__crt_stdio_output@@@2@@__crt_stdio_output@@QEAA@XZ 0000000140012ef0 f i libucrtd:output.obj
 0001:00011f10       ??1?$standard_base@_WV?$string_output_adapter@_W@__crt_stdio_output@@@__crt_stdio_output@@QEAA@XZ 0000000140012f10 f i libucrtd:output.obj
 0001:00011f10       ??1?$standard_base@DV?$string_output_adapter@D@__crt_stdio_output@@@__crt_stdio_output@@QEAA@XZ 0000000140012f10 f i libucrtd:output.obj
 0001:00011f30       ??1__crt_errno_guard@@QEAA@XZ 0000000140012f30 f i libucrtd:output.obj
 0001:00011f60       ??1formatting_buffer@__crt_stdio_output@@QEAA@XZ 0000000140012f60 f i libucrtd:output.obj
 0001:00011f90       ??4?$__crt_unique_heap_ptr@DU__crt_internal_free_policy@@@@QEAAAEAV0@$$QEAV0@@Z 0000000140012f90 f i libucrtd:output.obj
 0001:00011fd0       ?adjust_hexit@?$output_processor@_WV?$string_output_adapter@_W@__crt_stdio_output@@V?$format_validation_base@_WV?$string_output_adapter@_W@__crt_stdio_output@@@2@@__crt_stdio_output@@CADH_N@Z 0000000140012fd0 f i libucrtd:output.obj
 0001:00011fd0       ?adjust_hexit@?$output_processor@DV?$string_output_adapter@D@__crt_stdio_output@@V?$format_validation_base@DV?$string_output_adapter@D@__crt_stdio_output@@@2@@__crt_stdio_output@@CADH_N@Z 0000000140012fd0 f i libucrtd:output.obj
 0001:00012020       ?advance_to_next_pass@?$standard_base@_WV?$string_output_adapter@_W@__crt_stdio_output@@@__crt_stdio_output@@IEAA_NXZ 0000000140013020 f i libucrtd:output.obj
 0001:00012020       ?advance_to_next_pass@?$standard_base@DV?$string_output_adapter@D@__crt_stdio_output@@@__crt_stdio_output@@IEAA_NXZ 0000000140013020 f i libucrtd:output.obj
 0001:00012070       ?crop_zeroes@__crt_stdio_output@@YAXPEADQEAU__crt_locale_pointers@@@Z 0000000140013070 f i libucrtd:output.obj
 0001:000121b0       ?find_next_state@?$output_processor@DV?$string_output_adapter@D@__crt_stdio_output@@V?$format_validation_base@DV?$string_output_adapter@D@__crt_stdio_output@@@2@@__crt_stdio_output@@AEBA?AW4state@2@DW432@@Z 00000001400131b0 f i libucrtd:output.obj
 0001:00012250       ?find_next_state@?$output_processor@_WV?$string_output_adapter@_W@__crt_stdio_output@@V?$format_validation_base@_WV?$string_output_adapter@_W@__crt_stdio_output@@@2@@__crt_stdio_output@@AEBA?AW4state@2@_WW432@@Z 0000000140013250 f i libucrtd:output.obj
 0001:000122f0       ?force_decimal_point@__crt_stdio_output@@YAXPEADQEAU__crt_locale_pointers@@@Z 00000001400132f0 f i libucrtd:output.obj
 0001:000123f0       ?get@__crt_deferred_errno_cache@@QEAAAEAHXZ 00000001400133f0 f i libucrtd:output.obj
 0001:00012420       ?get_flags@__crt_stdio_stream@@QEBAJXZ 0000000140013420 f i libucrtd:output.obj
 0001:00012450       ?has_flag@?$output_processor@DV?$string_output_adapter@D@__crt_stdio_output@@V?$format_validation_base@DV?$string_output_adapter@D@__crt_stdio_output@@@2@@__crt_stdio_output@@AEBA_NI@Z 0000000140013450 f i libucrtd:output.obj
 0001:00012450       ?has_flag@?$output_processor@_WV?$string_output_adapter@_W@__crt_stdio_output@@V?$format_validation_base@_WV?$string_output_adapter@_W@__crt_stdio_output@@@2@@__crt_stdio_output@@AEBA_NI@Z 0000000140013450 f i libucrtd:output.obj
 0001:00012490       ?is_string_backed@__crt_stdio_stream@@QEBA_NXZ 0000000140013490 f i libucrtd:output.obj
 0001:000124d0       ?narrow_null_string@?$output_processor@_WV?$string_output_adapter@_W@__crt_stdio_output@@V?$format_validation_base@_WV?$string_output_adapter@_W@__crt_stdio_output@@@2@@__crt_stdio_output@@CAPEADXZ 00000001400134d0 f i libucrtd:output.obj
 0001:000124d0       ?narrow_null_string@?$output_processor@DV?$string_output_adapter@D@__crt_stdio_output@@V?$format_validation_base@DV?$string_output_adapter@D@__crt_stdio_output@@@2@@__crt_stdio_output@@CAPEADXZ 00000001400134d0 f i libucrtd:output.obj
 0001:000124e0       ?parse_int_from_format_string@?$output_processor@DV?$string_output_adapter@D@__crt_stdio_output@@V?$format_validation_base@DV?$string_output_adapter@D@__crt_stdio_output@@@2@@__crt_stdio_output@@AEAA_NQEAH@Z 00000001400134e0 f i libucrtd:output.obj
 0001:000125d0       ?parse_int_from_format_string@?$output_processor@_WV?$string_output_adapter@_W@__crt_stdio_output@@V?$format_validation_base@_WV?$string_output_adapter@_W@__crt_stdio_output@@@2@@__crt_stdio_output@@AEAA_NQEAH@Z 00000001400135d0 f i libucrtd:output.obj
 0001:000126c0       ?process@?$output_processor@DV?$string_output_adapter@D@__crt_stdio_output@@V?$format_validation_base@DV?$string_output_adapter@D@__crt_stdio_output@@@2@@__crt_stdio_output@@QEAAHXZ 00000001400136c0 f i libucrtd:output.obj
 0001:00012a20       ?process@?$output_processor@_WV?$string_output_adapter@_W@__crt_stdio_output@@V?$format_validation_base@_WV?$string_output_adapter@_W@__crt_stdio_output@@@2@@__crt_stdio_output@@QEAAHXZ 0000000140013a20 f i libucrtd:output.obj
 0001:00012d80       ?set_flag@?$output_processor@_WV?$string_output_adapter@_W@__crt_stdio_output@@V?$format_validation_base@_WV?$string_output_adapter@_W@__crt_stdio_output@@@2@@__crt_stdio_output@@AEAAXI@Z 0000000140013d80 f i libucrtd:output.obj
 0001:00012d80       ?set_flag@?$output_processor@DV?$string_output_adapter@D@__crt_stdio_output@@V?$format_validation_base@DV?$string_output_adapter@D@__crt_stdio_output@@@2@@__crt_stdio_output@@AEAAXI@Z 0000000140013d80 f i libucrtd:output.obj
 0001:00012da0       ?should_format@?$standard_base@DV?$string_output_adapter@D@__crt_stdio_output@@@__crt_stdio_output@@IEAA_NXZ 0000000140013da0 f i libucrtd:output.obj
 0001:00012da0       ?validate_state_for_type_case_a@?$standard_base@DV?$string_output_adapter@D@__crt_stdio_output@@@__crt_stdio_output@@IEBA_NXZ 0000000140013da0 f i libucrtd:output.obj
 0001:00012da0       ?validate_and_update_state_at_beginning_of_format_character@?$standard_base@_WV?$string_output_adapter@_W@__crt_stdio_output@@@__crt_stdio_output@@IEAA_NXZ 0000000140013da0 f i libucrtd:output.obj
 0001:00012da0       ?validate_state_for_type_case_a@?$standard_base@_WV?$string_output_adapter@_W@__crt_stdio_output@@@__crt_stdio_output@@IEBA_NXZ 0000000140013da0 f i libucrtd:output.obj
 0001:00012da0       ?should_format@?$standard_base@_WV?$string_output_adapter@_W@__crt_stdio_output@@@__crt_stdio_output@@IEAA_NXZ 0000000140013da0 f i libucrtd:output.obj
 0001:00012da0       ?validate_and_update_state_at_beginning_of_format_character@?$standard_base@DV?$string_output_adapter@D@__crt_stdio_output@@@__crt_stdio_output@@IEAA_NXZ 0000000140013da0 f i libucrtd:output.obj
 0001:00012db0       ?should_skip_normal_state_processing@?$standard_base@DV?$string_output_adapter@D@__crt_stdio_output@@@__crt_stdio_output@@IEAA_NXZ 0000000140013db0 f i libucrtd:output.obj
 0001:00012db0       ?should_skip_type_state_output@?$standard_base@_WV?$string_output_adapter@_W@__crt_stdio_output@@@__crt_stdio_output@@IEBA_NXZ 0000000140013db0 f i libucrtd:output.obj
 0001:00012db0       ?should_skip_normal_state_processing@?$standard_base@_WV?$string_output_adapter@_W@__crt_stdio_output@@@__crt_stdio_output@@IEAA_NXZ 0000000140013db0 f i libucrtd:output.obj
 0001:00012db0       ?should_skip_type_state_output@?$standard_base@DV?$string_output_adapter@D@__crt_stdio_output@@@__crt_stdio_output@@IEBA_NXZ 0000000140013db0 f i libucrtd:output.obj
 0001:00012dc0       ?state_case_dot@?$output_processor@_WV?$string_output_adapter@_W@__crt_stdio_output@@V?$format_validation_base@_WV?$string_output_adapter@_W@__crt_stdio_output@@@2@@__crt_stdio_output@@AEAA_NXZ 0000000140013dc0 f i libucrtd:output.obj
 0001:00012dc0       ?state_case_dot@?$output_processor@DV?$string_output_adapter@D@__crt_stdio_output@@V?$format_validation_base@DV?$string_output_adapter@D@__crt_stdio_output@@@2@@__crt_stdio_output@@AEAA_NXZ 0000000140013dc0 f i libucrtd:output.obj
 0001:00012de0       ?state_case_flag@?$output_processor@DV?$string_output_adapter@D@__crt_stdio_output@@V?$format_validation_base@DV?$string_output_adapter@D@__crt_stdio_output@@@2@@__crt_stdio_output@@AEAA_NXZ 0000000140013de0 f i libucrtd:output.obj
 0001:00012e80       ?state_case_flag@?$output_processor@_WV?$string_output_adapter@_W@__crt_stdio_output@@V?$format_validation_base@_WV?$string_output_adapter@_W@__crt_stdio_output@@@2@@__crt_stdio_output@@AEAA_NXZ 0000000140013e80 f i libucrtd:output.obj
 0001:00012f20       ?state_case_normal@?$output_processor@DV?$string_output_adapter@D@__crt_stdio_output@@V?$format_validation_base@DV?$string_output_adapter@D@__crt_stdio_output@@@2@@__crt_stdio_output@@AEAA_NXZ 0000000140013f20 f i libucrtd:output.obj
 0001:00013000       ?state_case_normal@?$output_processor@_WV?$string_output_adapter@_W@__crt_stdio_output@@V?$format_validation_base@_WV?$string_output_adapter@_W@__crt_stdio_output@@@2@@__crt_stdio_output@@AEAA_NXZ 0000000140014000 f i libucrtd:output.obj
 0001:000130e0       ?state_case_normal_common@?$output_processor@DV?$string_output_adapter@D@__crt_stdio_output@@V?$format_validation_base@DV?$string_output_adapter@D@__crt_stdio_output@@@2@@__crt_stdio_output@@AEAA_NXZ 00000001400140e0 f i libucrtd:output.obj
 0001:00013130       ?state_case_normal_common@?$output_processor@_WV?$string_output_adapter@_W@__crt_stdio_output@@V?$format_validation_base@_WV?$string_output_adapter@_W@__crt_stdio_output@@@2@@__crt_stdio_output@@AEAA_NXZ 0000000140014130 f i libucrtd:output.obj
 0001:00013180       ?state_case_normal_tchar@?$output_processor@DV?$string_output_adapter@D@__crt_stdio_output@@V?$format_validation_base@DV?$string_output_adapter@D@__crt_stdio_output@@@2@@__crt_stdio_output@@AEAA_ND@Z 0000000140014180 f i libucrtd:output.obj
 0001:000132c0       ?state_case_normal_tchar@?$output_processor@_WV?$string_output_adapter@_W@__crt_stdio_output@@V?$format_validation_base@_WV?$string_output_adapter@_W@__crt_stdio_output@@@2@@__crt_stdio_output@@AEAA_N_W@Z 00000001400142c0 f i libucrtd:output.obj
 0001:000132e0       ?state_case_percent@?$output_processor@DV?$string_output_adapter@D@__crt_stdio_output@@V?$format_validation_base@DV?$string_output_adapter@D@__crt_stdio_output@@@2@@__crt_stdio_output@@AEAA_NXZ 00000001400142e0 f i libucrtd:output.obj
 0001:000132e0       ?state_case_percent@?$output_processor@_WV?$string_output_adapter@_W@__crt_stdio_output@@V?$format_validation_base@_WV?$string_output_adapter@_W@__crt_stdio_output@@@2@@__crt_stdio_output@@AEAA_NXZ 00000001400142e0 f i libucrtd:output.obj
 0001:00013330       ?state_case_precision@?$output_processor@DV?$string_output_adapter@D@__crt_stdio_output@@V?$format_validation_base@DV?$string_output_adapter@D@__crt_stdio_output@@@2@@__crt_stdio_output@@AEAA_NXZ 0000000140014330 f i libucrtd:output.obj
 0001:000133b0       ?state_case_precision@?$output_processor@_WV?$string_output_adapter@_W@__crt_stdio_output@@V?$format_validation_base@_WV?$string_output_adapter@_W@__crt_stdio_output@@@2@@__crt_stdio_output@@AEAA_NXZ 00000001400143b0 f i libucrtd:output.obj
 0001:00013430       ?state_case_size@?$output_processor@DV?$string_output_adapter@D@__crt_stdio_output@@V?$format_validation_base@DV?$string_output_adapter@D@__crt_stdio_output@@@2@@__crt_stdio_output@@AEAA_NXZ 0000000140014430 f i libucrtd:output.obj
 0001:000138b0       ?state_case_size@?$output_processor@_WV?$string_output_adapter@_W@__crt_stdio_output@@V?$format_validation_base@_WV?$string_output_adapter@_W@__crt_stdio_output@@@2@@__crt_stdio_output@@AEAA_NXZ 00000001400148b0 f i libucrtd:output.obj
 0001:00013d30       ?state_case_type@?$output_processor@DV?$string_output_adapter@D@__crt_stdio_output@@V?$format_validation_base@DV?$string_output_adapter@D@__crt_stdio_output@@@2@@__crt_stdio_output@@AEAA_NXZ 0000000140014d30 f i libucrtd:output.obj
 0001:000141d0       ?state_case_type@?$output_processor@_WV?$string_output_adapter@_W@__crt_stdio_output@@V?$format_validation_base@_WV?$string_output_adapter@_W@__crt_stdio_output@@@2@@__crt_stdio_output@@AEAA_NXZ 00000001400151d0 f i libucrtd:output.obj
 0001:00014730       ?state_case_width@?$output_processor@DV?$string_output_adapter@D@__crt_stdio_output@@V?$format_validation_base@DV?$string_output_adapter@D@__crt_stdio_output@@@2@@__crt_stdio_output@@AEAA_NXZ 0000000140015730 f i libucrtd:output.obj
[...]
 0004:00002640       $pdata$wcstombs_s          0000000140051640     libucrtd:wcstombs.obj
 0004:0000264c       $pdata$_wcstombs_s_l       000000014005164c     libucrtd:wcstombs.obj
 0004:00002658       $pdata$?wcsncnt@@YA_KPEB_W_K@Z 0000000140051658     libucrtd:wcstombs.obj
 0004:00002664       $pdata$?_wcstombs_l_helper@@YA_KPEADPEB_W_KPEAU__crt_locale_pointers@@@Z 0000000140051664     libucrtd:wcstombs.obj
 0004:00002670       $pdata$?dtor$0@?0??_wcstombs_l_helper@@YA_KPEADPEB_W_KPEAU__crt_locale_pointers@@@Z@4HA 0000000140051670     libucrtd:wcstombs.obj
 0004:0000267c       $pdata$strcat_s            000000014005167c     libucrtd:strcat_s.obj
 0004:00002688       $pdata$??$common_tcscat_s@D@@YAHQEAD_KQEBD@Z 0000000140051688     libucrtd:strcat_s.obj
 0004:00002694       $pdata$_isleadbyte_l       0000000140051694     libucrtd:_wctype.obj
 0004:000026a0       $pdata$?__mbrtowc_utf8@__crt_mbstring@@YA_KPEA_WPEBD_KPEAU_Mbstatet@@@Z 00000001400516a0     libucrtd:mbrtowc.obj
 0004:000026ac       $pdata$?__mbsrtowcs_utf8@__crt_mbstring@@YA_KPEA_WPEAPEBD_KPEAU_Mbstatet@@@Z 00000001400516ac     libucrtd:mbrtowc.obj
 0004:000026b8       $pdata$c32rtomb            00000001400516b8     libucrtd:c32rtomb.obj
 0004:000026c4       $pdata$?__c32rtomb_utf8@__crt_mbstring@@YA_KPEAD_UPEAU_Mbstatet@@@Z 00000001400516c4     libucrtd:c32rtomb.obj
 0004:000026d0       $pdata$?return_illegal_sequence@__crt_mbstring@@YA_KPEAU_Mbstatet@@@Z 00000001400516d0     libucrtd:c32rtomb.obj
 0004:000026dc       $pdata$?reset_and_return@__crt_mbstring@@YA_K_KPEAU_Mbstatet@@@Z 00000001400516dc     libucrtd:c32rtomb.obj
 0004:000026e8       $pdata$__acrt_fp_strflt_to_string 00000001400516e8     libucrtd:_fptostr.obj
 0004:000026f4       $pdata$__acrt_fltout       00000001400516f4     libucrtd:cfout.obj
 0004:00002700       $pdata$??0big_integer@__crt_strtox@@QEAA@XZ 0000000140051700     libucrtd:cfout.obj
 0004:0000270c       $pdata$??0big_integer@__crt_strtox@@QEAA@AEBU01@@Z 000000014005170c     libucrtd:cfout.obj
 0004:0000270c       $pdata$??4big_integer@__crt_strtox@@QEAAAEAU01@AEBU01@@Z 000000014005170c     libucrtd:cfout.obj
 0004:00002718       $pdata$??8__crt_strtox@@YA_NAEBUbig_integer@0@0@Z 0000000140051718     libucrtd:cfout.obj
 0004:00002724       $pdata$??9__crt_strtox@@YA_NAEBUbig_integer@0@0@Z 0000000140051724     libucrtd:cfout.obj
 0004:00002730       $pdata$?make_big_integer@__crt_strtox@@YA?AUbig_integer@1@_K@Z 0000000140051730     libucrtd:cfout.obj
 0004:0000273c       $pdata$?make_big_integer_power_of_two@__crt_strtox@@YA?AUbig_integer@1@I@Z 000000014005173c     libucrtd:cfout.obj
 0004:00002748       $pdata$?is_zero@__crt_strtox@@YA_NAEBUbig_integer@1@@Z 0000000140051748     libucrtd:cfout.obj
 0004:00002754       $pdata$?bit_scan_reverse@__crt_strtox@@YAII@Z 0000000140051754     libucrtd:cfout.obj
 0004:00002760       $pdata$?shift_left@__crt_strtox@@YA_NAEAUbig_integer@1@I@Z 0000000140051760     libucrtd:cfout.obj
 0004:0000276c       $pdata$?add_carry@__crt_strtox@@YAIAEAIII@Z 000000014005176c     libucrtd:cfout.obj
 0004:00002778       $pdata$?add_multiply_carry@__crt_strtox@@YAIAEAIIII@Z 0000000140051778     libucrtd:cfout.obj
 0004:00002784       $pdata$?multiply_core@__crt_strtox@@YAIQEAIII@Z 0000000140051784     libucrtd:cfout.obj
 0004:00002790       $pdata$?multiply@__crt_strtox@@YA_NAEAUbig_integer@1@I@Z 0000000140051790     libucrtd:cfout.obj
 0004:0000279c       $pdata$?multiply@__crt_strtox@@YA_NAEAUbig_integer@1@AEBU21@@Z 000000014005179c     libucrtd:cfout.obj
 0004:000027a8       $pdata$?multiply_by_power_of_ten@__crt_strtox@@YA_NAEAUbig_integer@1@I@Z 00000001400517a8     libucrtd:cfout.obj
 0004:000027b4       $pdata$?count_sequential_high_zeroes@__crt_strtox@@YAII@Z 00000001400517b4     libucrtd:cfout.obj
 0004:000027c0       $pdata$?divide@__crt_strtox@@YA_KAEAUbig_integer@1@AEBU21@@Z 00000001400517c0     libucrtd:cfout.obj
 0004:000027cc       $pdata$??0scoped_fp_state_reset@?A0x71ca7cfb@@QEAA@XZ 00000001400517cc     libucrtd:cfout.obj
 0004:000027d8       $pdata$??1scoped_fp_state_reset@?A0x71ca7cfb@@QEAA@XZ 00000001400517d8     libucrtd:cfout.obj
 0004:000027e4       $pdata$??$convert_to_fos_high_precision@N@@YAXNIQEAHQEAD_K@Z 00000001400517e4     libucrtd:cfout.obj
 0004:000027f0       $pdata$_fcloseall          00000001400517f0     libucrtd:closeall.obj
 0004:000027fc       $pdata$_fcloseall$fin$0    00000001400517fc     libucrtd:closeall.obj
 0004:00002808       $pdata$?is_in_use@__crt_stdio_stream@@QEBA_NXZ 0000000140051808     libucrtd:closeall.obj
 0004:00002814       $pdata$?has_crt_buffer@__crt_stdio_stream@@QEBA_NXZ 0000000140051814     libucrtd:_freebuf.obj
 0004:00002820       $pdata$__acrt_stdio_free_buffer_nolock 0000000140051820     libucrtd:_freebuf.obj
 0004:0000282c       $pdata$__acrt_GetStringTypeW 000000014005182c     libucrtd:getstringtypew.obj
 0004:00002838       $pdata$__strncnt           0000000140051838     libucrtd:strncnt.obj
 0004:00002844       $pdata$_commit             0000000140051844     libucrtd:commit.obj
 0004:00002850       $pdata$??R<lambda_5533cddd4bda0037814beee657757329>@@QEBAHXZ 0000000140051850     libucrtd:commit.obj
 0004:0000285c       $pdata$??$__acrt_lowio_lock_fh_and_call@V<lambda_5533cddd4bda0037814beee657757329>@@@@YAHH$$QEAV<lambda_5533cddd4bda0037814beee657757329>@@@Z 000000014005185c     libucrtd:commit.obj
 0004:00002868       $pdata$??R<lambda_53fc7fc888e23d815d7080162c0aeeb2>@@QEBAXXZ 0000000140051868     libucrtd:close.obj
 0004:00002868       $pdata$??R<lambda_4e3dbe6921bc0b5a1a6bc6573fdc859e>@@QEBAXXZ 0000000140051868     libucrtd:commit.obj
 0004:00002874       $pdata$??R<lambda_47cffbaa968af5c721c38a4a6f8da44d>@@QEBAXXZ 0000000140051874     libucrtd:commit.obj
 0004:00002874       $pdata$??R<lambda_8ddc48ad9d26c778cb15812d1d88fc8a>@@QEBAXXZ 0000000140051874     libucrtd:close.obj
 0004:00002880       $pdata$??$?RV<lambda_4e3dbe6921bc0b5a1a6bc6573fdc859e>@@AEAV<lambda_5533cddd4bda0037814beee657757329>@@V<lambda_47cffbaa968af5c721c38a4a6f8da44d>@@@?$__crt_seh_guarded_call@H@@QEAAH$$QEAV<lambda_4e3dbe6921bc0b5a1a6bc6573fdc859e>@@AEAV<lambda_5533cddd4bda0037814beee657757329>@@$$QEAV<lambda_47cffbaa968af5c721c38a4a6f8da44d>@@@Z 0000000140051880     libucrtd:commit.obj
 0004:0000288c       $pdata$?fin$0@?0???$?RV<lambda_53fc7fc888e23d815d7080162c0aeeb2>@@AEAV<lambda_4e7105787b7b0e0227fbf2b2d883fa65>@@V<lambda_8ddc48ad9d26c778cb15812d1d88fc8a>@@@?$__crt_seh_guarded_call@H@@QEAAH$$QEAV<lambda_53fc7fc888e23d815d7080162c0aeeb2>@@AEAV<lambda_4e7105787b7b0e0227fbf2b2d883fa65>@@$$QEAV<lambda_8ddc48ad9d26c778cb15812d1d88fc8a>@@@Z@4HA 000000014005188c     libucrtd:close.obj
 0004:0000288c       $pdata$?fin$0@?0???$?RV<lambda_4e3dbe6921bc0b5a1a6bc6573fdc859e>@@AEAV<lambda_5533cddd4bda0037814beee657757329>@@V<lambda_47cffbaa968af5c721c38a4a6f8da44d>@@@?$__crt_seh_guarded_call@H@@QEAAH$$QEAV<lambda_4e3dbe6921bc0b5a1a6bc6573fdc859e>@@AEAV<lambda_5533cddd4bda0037814beee657757329>@@$$QEAV<lambda_47cffbaa968af5c721c38a4a6f8da44d>@@@Z@4HA 000000014005188c     libucrtd:commit.obj
 0004:00002898       $pdata$_write              0000000140051898     libucrtd:write.obj
 0004:000028a4       $pdata$_write$fin$0        00000001400518a4     libucrtd:write.obj
 0004:000028b0       $pdata$_write_nolock       00000001400518b0     libucrtd:write.obj
 0004:000028bc       $pdata$?write_requires_double_translation_nolock@@YA_NH@Z 00000001400518bc     libucrtd:write.obj
 0004:000028c8       $pdata$?write_double_translated_ansi_nolock@@YA?AUwrite_result@?A0x17268360@@HQEBDI@Z 00000001400518c8     libucrtd:write.obj
 0004:000028d4       $pdata$?write_double_translated_unicode_nolock@@YA?AUwrite_result@?A0x17268360@@QEBDI@Z 00000001400518d4     libucrtd:write.obj
 0004:000028e0       $pdata$?write_text_ansi_nolock@@YA?AUwrite_result@?A0x17268360@@HQEBDI@Z 00000001400518e0     libucrtd:write.obj
 0004:000028ec       $pdata$?write_text_utf16le_nolock@@YA?AUwrite_result@?A0x17268360@@HQEBDI@Z 00000001400518ec     libucrtd:write.obj
 0004:000028f8       $pdata$?write_text_utf8_nolock@@YA?AUwrite_result@?A0x17268360@@HQEBDI@Z 00000001400518f8     libucrtd:write.obj
 0004:00002904       $pdata$?write_binary_nolock@@YA?AUwrite_result@?A0x17268360@@HQEBDI@Z 0000000140051904     libucrtd:write.obj
 0004:00002910       $pdata$?__wcsrtombs_utf8@__crt_mbstring@@YA_KPEADPEAPEB_W_KPEAU_Mbstatet@@@Z 0000000140051910     libucrtd:wcrtomb.obj
 0004:0000291c       $pdata$?__mbrtoc32_utf8@__crt_mbstring@@YA_KPEA_UPEBD_KPEAU_Mbstatet@@@Z 000000014005191c     libucrtd:mbrtoc32.obj
 0004:00002934       $pdata$ceil                0000000140051934     libucrtd:ceil.obj
 0004:00002940       $pdata$fegetenv            0000000140051940     libucrtd:fegetenv.obj
 0004:0000294c       $pdata$fesetenv            000000014005194c     libucrtd:fesetenv.obj
 0004:00002958       $pdata$feholdexcept        0000000140051958     libucrtd:feholdexcept.obj
 0004:00002964       $pdata$_lseeki64_nolock    0000000140051964     libucrtd:lseek.obj
 0004:00002970       $pdata$?common_lseek_do_seek_nolock@@YA_JQEAX_JH@Z 0000000140051970     libucrtd:lseek.obj
 0004:0000297c       $pdata$??$common_lseek_nolock@_J@@YA_JH_JH@Z 000000014005197c     libucrtd:lseek.obj
 0004:00002988       $pdata$fclose              0000000140051988     libucrtd:fclose.obj
 0004:00002994       $pdata$fclose$fin$0        0000000140051994     libucrtd:fclose.obj
 0004:000029a0       $pdata$_fclose_nolock      00000001400519a0     libucrtd:fclose.obj
 0004:000029ac       $pdata$_putwch_nolock      00000001400519ac     libucrtd:putwch.obj
 0004:000029b8       $pdata$?__c16rtomb_utf8@__crt_mbstring@@YA_KPEAD_SPEAU_Mbstatet@@@Z 00000001400519b8     libucrtd:c16rtomb.obj
 0004:000029c4       $pdata$?store_first_surrogate@?A0xc60ee810@@YAX_SPEAU_Mbstatet@@@Z 00000001400519c4     libucrtd:c16rtomb.obj
 0004:000029d0       $pdata$?has_surrogate@?A0xc60ee810@@YA_NPEAU_Mbstatet@@@Z 00000001400519d0     libucrtd:c16rtomb.obj
 0004:000029dc       $pdata$?is_first_surrogate@?A0xc60ee810@@YA_N_S@Z 00000001400519dc     libucrtd:c16rtomb.obj
 0004:000029e8       $pdata$?is_second_surrogate@?A0xc60ee810@@YA_N_S@Z 00000001400519e8     libucrtd:c16rtomb.obj
 0004:000029f4       $pdata$__acrt_initialize_fma3 00000001400519f4     libucrtd:fma3_available.obj
 0004:00002a00       $pdata$_log_special_common 0000000140051a00     libucrtd:log_special.obj
 0004:00002a0c       $pdata$_log10_special      0000000140051a0c     libucrtd:log_special.obj
 0004:00002a18       $pdata$_call_matherr       0000000140051a18     libucrtd:libm_error.obj
 0004:00002a24       $pdata$_exception_enabled  0000000140051a24     libucrtd:libm_error.obj
 0004:00002a30       $pdata$_handle_nan         0000000140051a30     libucrtd:libm_error.obj
 0004:00002a3c       $pdata$_handle_error       0000000140051a3c     libucrtd:libm_error.obj
 0004:00002a48       $pdata$??$__acrt_fenv_shift_bits@W4__acrt_fenv_abstract_status@@@@YA?AW4__acrt_fenv_abstract_status@@W40@0I@Z 0000000140051a48     libucrtd:_fenvutils.obj
 0004:00002a48       $pdata$??$__acrt_fenv_shift_bits@W4__acrt_fenv_abstract_control@@@@YA?AW4__acrt_fenv_abstract_control@@W40@0I@Z 0000000140051a48     libucrtd:_fenvutils.obj
 0004:00002a54       $pdata$??$__acrt_fenv_unshift_bits@W4__acrt_fenv_abstract_status@@@@YA?AW4__acrt_fenv_abstract_status@@W40@0I@Z 0000000140051a54     libucrtd:_fenvutils.obj
 0004:00002a54       $pdata$??$__acrt_fenv_unshift_bits@W4__acrt_fenv_abstract_control@@@@YA?AW4__acrt_fenv_abstract_control@@W40@0I@Z 0000000140051a54     libucrtd:_fenvutils.obj
 0004:00002a60       $pdata$?__acrt_fenv_shift_abstract_sse_status@@YA?AW4__acrt_fenv_abstract_status@@W41@@Z 0000000140051a60     libucrtd:_fenvutils.obj
 0004:00002a6c       $pdata$?__acrt_fenv_unshift_abstract_sse_status@@YA?AW4__acrt_fenv_abstract_status@@W41@@Z 0000000140051a6c     libucrtd:_fenvutils.obj
 0004:00002a78       $pdata$?__acrt_fenv_shift_abstract_sse_control@@YA?AW4__acrt_fenv_abstract_control@@W41@@Z 0000000140051a78     libucrtd:_fenvutils.obj
 0004:00002a84       $pdata$?__acrt_fenv_unshift_abstract_sse_control@@YA?AW4__acrt_fenv_abstract_control@@W41@@Z 0000000140051a84     libucrtd:_fenvutils.obj
 0004:00002a90       $pdata$__acrt_fenv_get_status 0000000140051a90     libucrtd:_fenvutils.obj
 0004:00002a9c       $pdata$__acrt_fenv_set_status 0000000140051a9c     libucrtd:_fenvutils.obj
 0004:00002aa8       $pdata$__acrt_fenv_get_control 0000000140051aa8     libucrtd:_fenvutils.obj
 0004:00002ab4       $pdata$__acrt_fenv_set_control 0000000140051ab4     libucrtd:_fenvutils.obj
 0004:00002ac0       $pdata$?to_machine_sse_status@@YA?AW4__acrt_fenv_machine_sse_status@@W4__acrt_fenv_abstract_status@@@Z 0000000140051ac0     libucrtd:_fenvutils.obj
 0004:00002acc       $pdata$??$translate_status@W4__acrt_fenv_machine_sse_status@@W4__acrt_fenv_abstract_status@@@@YA?AW4__acrt_fenv_machine_sse_status@@W4__acrt_fenv_abstract_status@@@Z 0000000140051acc     libucrtd:_fenvutils.obj
 0004:00002ad8       $pdata$?translate_control_denormal_control_to_sse@@YA?AW4__acrt_fenv_machine_sse_control@@W4__acrt_fenv_abstract_control@@@Z 0000000140051ad8     libucrtd:_fenvutils.obj
 0004:00002ae4       $pdata$?translate_control_denormal_control_from_sse@@YA?AW4__acrt_fenv_abstract_control@@W4__acrt_fenv_machine_sse_control@@@Z 0000000140051ae4     libucrtd:_fenvutils.obj
 0004:00002af0       $pdata$?to_abstract_control@@YA?AW4__acrt_fenv_abstract_control@@W4__acrt_fenv_machine_sse_control@@@Z 0000000140051af0     libucrtd:_fenvutils.obj
 0004:00002afc       $pdata$??$translate_control_exception_mask@W4__acrt_fenv_abstract_control@@W4__acrt_fenv_machine_sse_control@@@@YA?AW4__acrt_fenv_abstract_control@@W4__acrt_fenv_machine_sse_control@@@Z 0000000140051afc     libucrtd:_fenvutils.obj
 0004:00002b08       $pdata$??$translate_control_rounding_control@W4__acrt_fenv_abstract_control@@W4__acrt_fenv_machine_sse_control@@@@YA?AW4__acrt_fenv_abstract_control@@W4__acrt_fenv_machine_sse_control@@@Z 0000000140051b08     libucrtd:_fenvutils.obj
 0004:00002b14       $pdata$?to_machine_sse_control@@YA?AW4__acrt_fenv_machine_sse_control@@W4__acrt_fenv_abstract_control@@@Z 0000000140051b14     libucrtd:_fenvutils.obj
 0004:00002b20       $pdata$??$translate_control_exception_mask@W4__acrt_fenv_machine_sse_control@@W4__acrt_fenv_abstract_control@@@@YA?AW4__acrt_fenv_machine_sse_control@@W4__acrt_fenv_abstract_control@@@Z 0000000140051b20     libucrtd:_fenvutils.obj
 0004:00002b2c       $pdata$??$translate_control_rounding_control@W4__acrt_fenv_machine_sse_control@@W4__acrt_fenv_abstract_control@@@@YA?AW4__acrt_fenv_machine_sse_control@@W4__acrt_fenv_abstract_control@@@Z 0000000140051b2c     libucrtd:_fenvutils.obj
 0004:00002b38       $pdata$?get_machine_sse_status@@YA?AW4__acrt_fenv_machine_sse_status@@XZ 0000000140051b38     libucrtd:_fenvutils.obj
 0004:00002b44       $pdata$?set_machine_sse_status@@YAXW4__acrt_fenv_machine_sse_status@@@Z 0000000140051b44     libucrtd:_fenvutils.obj
 0004:00002b50       $pdata$?get_machine_sse_control@@YA?AW4__acrt_fenv_machine_sse_control@@XZ 0000000140051b50     libucrtd:_fenvutils.obj
 0004:00002b5c       $pdata$?set_machine_sse_control@@YAXW4__acrt_fenv_machine_sse_control@@@Z 0000000140051b5c     libucrtd:_fenvutils.obj
 0004:00002b68       $pdata$??$to_abstract_status@W4__acrt_fenv_machine_sse_status@@@@YA?AW4__acrt_fenv_abstract_status@@W4__acrt_fenv_machine_sse_status@@@Z 0000000140051b68     libucrtd:_fenvutils.obj
 0004:00002b74       $pdata$??$__acrt_fenv_translate_bit@W4__acrt_fenv_machine_sse_status@@W4__acrt_fenv_abstract_status@@@@YA?AW4__acrt_fenv_machine_sse_status@@W4__acrt_fenv_abstract_status@@0W40@1@Z 0000000140051b74     libucrtd:_fenvutils.obj
 0004:00002b74       $pdata$??$__acrt_fenv_translate_bit@W4__acrt_fenv_abstract_status@@W4__acrt_fenv_machine_sse_status@@@@YA?AW4__acrt_fenv_abstract_status@@W4__acrt_fenv_machine_sse_status@@0W40@1@Z 0000000140051b74     libucrtd:_fenvutils.obj
 0004:00002b80       $pdata$??$__acrt_fenv_translate_bit@W4__acrt_fenv_abstract_control@@W4__acrt_fenv_machine_sse_control@@@@YA?AW4__acrt_fenv_abstract_control@@W4__acrt_fenv_machine_sse_control@@0W40@1@Z 0000000140051b80     libucrtd:_fenvutils.obj
 0004:00002b8c       $pdata$??$__acrt_fenv_translate_bit@W4__acrt_fenv_machine_sse_control@@W4__acrt_fenv_abstract_control@@@@YA?AW4__acrt_fenv_machine_sse_control@@W4__acrt_fenv_abstract_control@@0W40@1@Z 0000000140051b8c     libucrtd:_fenvutils.obj
 0004:00002b98       $pdata$??$translate_status@W4__acrt_fenv_abstract_status@@W4__acrt_fenv_machine_sse_status@@@@YA?AW4__acrt_fenv_abstract_status@@W4__acrt_fenv_machine_sse_status@@@Z 0000000140051b98     libucrtd:_fenvutils.obj
 0004:00002ba4       $pdata$_clearfp            0000000140051ba4     libucrtd:ieee.obj
 0004:00002bb0       $pdata$_abstract_sw        0000000140051bb0     libucrtd:ieee.obj
 0004:00002bbc       $pdata$_close              0000000140051bbc     libucrtd:close.obj
 0004:00002bc8       $pdata$_close_nolock       0000000140051bc8     libucrtd:close.obj
 0004:00002bd4       $pdata$?close_os_handle_nolock@@YAKH@Z 0000000140051bd4     libucrtd:close.obj
 0004:00002be0       $pdata$??R<lambda_4e7105787b7b0e0227fbf2b2d883fa65>@@QEBAHXZ 0000000140051be0     libucrtd:close.obj
 0004:00002bec       $pdata$??$__acrt_lowio_lock_fh_and_call@V<lambda_4e7105787b7b0e0227fbf2b2d883fa65>@@@@YAHH$$QEAV<lambda_4e7105787b7b0e0227fbf2b2d883fa65>@@@Z 0000000140051bec     libucrtd:close.obj
 0004:00002bf8       $pdata$??$?RV<lambda_53fc7fc888e23d815d7080162c0aeeb2>@@AEAV<lambda_4e7105787b7b0e0227fbf2b2d883fa65>@@V<lambda_8ddc48ad9d26c778cb15812d1d88fc8a>@@@?$__crt_seh_guarded_call@H@@QEAAH$$QEAV<lambda_53fc7fc888e23d815d7080162c0aeeb2>@@AEAV<lambda_4e7105787b7b0e0227fbf2b2d883fa65>@@$$QEAV<lambda_8ddc48ad9d26c778cb15812d1d88fc8a>@@@Z 0000000140051bf8     libucrtd:close.obj
 0004:00002c04       $pdata$?__acrt_stdio_free_stream@@YAXV__crt_stdio_stream@@@Z 0000000140051c04     libucrtd:stream.obj
 0004:00002c10       $pdata$__dcrt_lowio_ensure_console_output_initialized 0000000140051c10     libucrtd:initcon.obj
 0004:00002c1c       $pdata$__dcrt_write_console 0000000140051c1c     libucrtd:initcon.obj
 0004:00002c28       $pdata$__dcrt_terminate_console_output 0000000140051c28     libucrtd:initcon.obj
 0004:00002c34       $pdata$_set_errno_from_matherr 0000000140051c34     libucrtd:fpexcept.obj
 0004:00002c40       $pdata$_raise_exc          0000000140051c40     libucrtd:fpexcept.obj
 0004:00002c4c       $pdata$_raise_exc_ex       0000000140051c4c     libucrtd:fpexcept.obj
 0004:00002c58       $pdata$_clrfp              0000000140051c58     libucrtd:fpctrl.obj
 0004:00002c64       $pdata$_ctrlfp             0000000140051c64     libucrtd:fpctrl.obj
 0004:00002c70       $pdata$_ctrlfp$filt$0      0000000140051c70     libucrtd:fpctrl.obj
 0004:00002c7c       $pdata$_statfp             0000000140051c7c     libucrtd:fpctrl.obj
 0004:00002c88       $pdata$_set_statfp         0000000140051c88     libucrtd:fpctrl.obj
 0004:00002ca0       $pdata$_ValidateImageBase  0000000140051ca0     LIBCMTD:pesect.obj
 0004:00002cac       $pdata$_FindPESection      0000000140051cac     LIBCMTD:pesect.obj
 0004:00002cb8       $pdata$_IsNonwritableInCurrentImage 0000000140051cb8     LIBCMTD:pesect.obj
 0004:00002cc4       $pdata$_IsNonwritableInCurrentImage$filt$0 0000000140051cc4     LIBCMTD:pesect.obj
 0004:00002cd0       $pdata$??_Gtype_info@@UEAAPEAXI@Z 0000000140051cd0     LIBCMTD:std_type_info_static.obj
 0004:00002cdc       $pdata$??3@YAXPEAX_K@Z     0000000140051cdc     LIBCMTD:delete_scalar_size.obj
 0004:00002ce8       $pdata$__GSHandlerCheck_SEH 0000000140051ce8     LIBCMTD:gshandlerseh.obj
 0004:00002d00       $pdata$__GSHandlerCheck_EH 0000000140051d00     LIBCMTD:gshandlereh.obj
 0004:00002d0c       $pdata$??3@YAXPEAX@Z       0000000140051d0c     LIBCMTD:delete_scalar.obj
 0004:00002d24       $pdata$strrchr             0000000140051d24     libvcruntimed:strrchr.obj
